Archive member included to satisfy reference by file (symbol)

Middlewares/ST/touchgfx/lib/core/cortex_m7/gcc\libtouchgfx.a(AbstractPartition.o)
                              TouchGFX/build/STM32F7508-DK/TouchGFX/target/generated/TouchGFXConfiguration.o (touchgfx::AbstractPartition::getAllocationCount() const)
Middlewares/ST/touchgfx/lib/core/cortex_m7/gcc\libtouchgfx.a(AbstractProgressIndicator.o)
                              TouchGFX/build/STM32F7508-DK/TouchGFX/generated/gui_generated/src/screen1_screen/Screen1ViewBase.o (touchgfx::AbstractProgressIndicator::setRange(int, int, unsigned short, unsigned short))
Middlewares/ST/touchgfx/lib/core/cortex_m7/gcc\libtouchgfx.a(Container.o)
                              Middlewares/ST/touchgfx/lib/core/cortex_m7/gcc\libtouchgfx.a(AbstractProgressIndicator.o) (touchgfx::Container::contains(touchgfx::Drawable const&))
Middlewares/ST/touchgfx/lib/core/cortex_m7/gcc\libtouchgfx.a(HAL.o)
                              TouchGFX/build/STM32F7508-DK/TouchGFX/target/generated/TouchGFXGeneratedHAL.o (touchgfx::HAL::drawDrawableInDynamicBitmap(touchgfx::Drawable&, unsigned short))
Middlewares/ST/touchgfx/lib/core/cortex_m7/gcc\libtouchgfx.a(DMA.o)
                              TouchGFX/build/STM32F7508-DK/TouchGFX/target/generated/STM32DMA.o (touchgfx::DMA_Interface::seedExecution())
Middlewares/ST/touchgfx/lib/core/cortex_m7/gcc\libtouchgfx.a(ScalableImage.o)
                              TouchGFX/build/STM32F7508-DK/TouchGFX/generated/gui_generated/src/screen1_screen/Screen1ViewBase.o (touchgfx::ScalableImage::setScalingAlgorithm(touchgfx::ScalableImage::ScalingAlgorithm))
Middlewares/ST/touchgfx/lib/core/cortex_m7/gcc\libtouchgfx.a(TextArea.o)
                              TouchGFX/build/STM32F7508-DK/TouchGFX/generated/gui_generated/src/screen1_screen/Screen1ViewBase.o (touchgfx::TextArea::setTypedText(touchgfx::TypedText const&))
Middlewares/ST/touchgfx/lib/core/cortex_m7/gcc\libtouchgfx.a(Box.o)
                              TouchGFX/build/STM32F7508-DK/TouchGFX/generated/gui_generated/src/screen1_screen/Screen1ViewBase.o (vtable for touchgfx::Box)
Middlewares/ST/touchgfx/lib/core/cortex_m7/gcc\libtouchgfx.a(Gauge.o)
                              TouchGFX/build/STM32F7508-DK/TouchGFX/generated/gui_generated/src/screen1_screen/Screen1ViewBase.o (touchgfx::Gauge::Gauge())
Middlewares/ST/touchgfx/lib/core/cortex_m7/gcc\libtouchgfx.a(Image.o)
                              TouchGFX/build/STM32F7508-DK/TouchGFX/generated/gui_generated/src/screen1_screen/Screen1ViewBase.o (touchgfx::Image::setBitmap(touchgfx::Bitmap const&))
Middlewares/ST/touchgfx/lib/core/cortex_m7/gcc\libtouchgfx.a(LCD.o)
                              Middlewares/ST/touchgfx/lib/core/cortex_m7/gcc\libtouchgfx.a(TextArea.o) (touchgfx::LCD::getNumLines(touchgfx::TextProvider&, touchgfx::WideTextAction, unsigned char, touchgfx::Font const*, short))
Middlewares/ST/touchgfx/lib/core/cortex_m7/gcc\libtouchgfx.a(TouchCalibration.o)
                              Middlewares/ST/touchgfx/lib/core/cortex_m7/gcc\libtouchgfx.a(HAL.o) (touchgfx::TouchCalibration::translatePoint(touchgfx::Point&))
Middlewares/ST/touchgfx/lib/core/cortex_m7/gcc\libtouchgfx.a(DisplayTransformation.o)
                              Middlewares/ST/touchgfx/lib/core/cortex_m7/gcc\libtouchgfx.a(HAL.o) (touchgfx::DisplayTransformation::transformFrameBufferToDisplay(short&, short&))
Middlewares/ST/touchgfx/lib/core/cortex_m7/gcc\libtouchgfx.a(Application.o)
                              TouchGFX/build/STM32F7508-DK/TouchGFX/gui/src/common/FrontendApplication.o (touchgfx::Application::requestRedraw())
Middlewares/ST/touchgfx/lib/core/cortex_m7/gcc\libtouchgfx.a(TypedText.o)
                              TouchGFX/build/STM32F7508-DK/TouchGFX/generated/fonts/src/FontCache.o (touchgfx::TypedText::numberOfTypedTexts)
Middlewares/ST/touchgfx/lib/core/cortex_m7/gcc\libtouchgfx.a(Font.o)
                              TouchGFX/build/STM32F7508-DK/TouchGFX/generated/texts/src/Texts.o (touchgfx::Font::getStringWidthLTR(unsigned char, unsigned short const*, std::__va_list) const)
Middlewares/ST/touchgfx/lib/core/cortex_m7/gcc\libtouchgfx.a(Drawable.o)
                              Middlewares/ST/touchgfx/lib/core/cortex_m7/gcc\libtouchgfx.a(AbstractProgressIndicator.o) (touchgfx::Drawable::invalidate() const)
Middlewares/ST/touchgfx/lib/core/cortex_m7/gcc\libtouchgfx.a(ConstFont.o)
                              TouchGFX/build/STM32F7508-DK/TouchGFX/generated/fonts/src/GeneratedFont.o (touchgfx::ConstFont::ConstFont(touchgfx::GlyphNode const*, unsigned short, unsigned short, unsigned char, unsigned char, unsigned char, unsigned char, unsigned char, unsigned short, unsigned short))
Middlewares/ST/touchgfx/lib/core/cortex_m7/gcc\libtouchgfx.a(Utils.o)
                              TouchGFX/build/STM32F7508-DK/TouchGFX/generated/fonts/src/FontCache.o (touchgfx::memset(void*, unsigned char, unsigned long))
[...]
Memory Configuration

Name             Origin             Length             Attributes
ITCMRAM          0x00000000         0x00004000         xrw
RAM              0x20000000         0x00050000         xrw
SDRAM            0xc0000000         0x00800000         xrw
BOOTLOADER       0x08000000         0x00010000         xr
FLASH            0x90000000         0x00100000         xr
QSPI             0x90100000         0x00f00000         xrw
*default*        0x00000000         0xffffffff

Linker script and memory map

LOAD c:/touchgfx/4.17.0/env/mingw/msys/1.0/gnu-arm-gcc/bin/../lib/gcc/arm-none-eabi/7.3.1/thumb/v7e-m/fpv4-sp/softfp/crti.o
LOAD c:/touchgfx/4.17.0/env/mingw/msys/1.0/gnu-arm-gcc/bin/../lib/gcc/arm-none-eabi/7.3.1/thumb/v7e-m/fpv4-sp/softfp/crtbegin.o
LOAD c:/touchgfx/4.17.0/env/mingw/msys/1.0/gnu-arm-gcc/bin/../lib/gcc/arm-none-eabi/7.3.1/../../../../arm-none-eabi/lib/thumb/v7e-m/fpv4-sp/softfp/crt0.o
LOAD TouchGFX/build/STM32F7508-DK/TouchGFX/gui/src/screen1_screen/Screen1Presenter.o
LOAD TouchGFX/build/STM32F7508-DK/TouchGFX/gui/src/screen1_screen/Screen1View.o
LOAD TouchGFX/build/STM32F7508-DK/TouchGFX/gui/src/model/Model.o
LOAD TouchGFX/build/STM32F7508-DK/TouchGFX/gui/src/common/FrontendApplication.o
LOAD TouchGFX/build/STM32F7508-DK/TouchGFX/generated/gui_generated/src/screen1_screen/Screen1ViewBase.o
LOAD TouchGFX/build/STM32F7508-DK/TouchGFX/generated/gui_generated/src/common/FrontendApplicationBase.o
LOAD TouchGFX/build/STM32F7508-DK/TouchGFX/generated/fonts/src/Font_verdana_40_4bpp_0.o
LOAD TouchGFX/build/STM32F7508-DK/TouchGFX/generated/fonts/src/Font_verdana_20_4bpp_0.o
LOAD TouchGFX/build/STM32F7508-DK/TouchGFX/generated/fonts/src/GeneratedFont.o
LOAD TouchGFX/build/STM32F7508-DK/TouchGFX/generated/fonts/src/UnmappedDataFont.o
LOAD TouchGFX/build/STM32F7508-DK/TouchGFX/generated/fonts/src/Kerning_verdana_40_4bpp.o
LOAD TouchGFX/build/STM32F7508-DK/TouchGFX/generated/fonts/src/Table_verdana_10_4bpp.o
LOAD TouchGFX/build/STM32F7508-DK/TouchGFX/generated/fonts/src/Kerning_verdana_10_4bpp.o
LOAD TouchGFX/build/STM32F7508-DK/TouchGFX/generated/fonts/src/Kerning_verdana_20_4bpp.o
LOAD TouchGFX/build/STM32F7508-DK/TouchGFX/generated/fonts/src/FontCache.o
LOAD TouchGFX/build/STM32F7508-DK/TouchGFX/generated/fonts/src/Font_verdana_10_4bpp_0.o
LOAD TouchGFX/build/STM32F7508-DK/TouchGFX/generated/fonts/src/Table_verdana_40_4bpp.o
LOAD TouchGFX/build/STM32F7508-DK/TouchGFX/generated/fonts/src/CachedFont.o
LOAD TouchGFX/build/STM32F7508-DK/TouchGFX/generated/fonts/src/Table_verdana_20_4bpp.o
LOAD TouchGFX/build/STM32F7508-DK/TouchGFX/generated/fonts/src/ApplicationFontProvider.o
LOAD TouchGFX/build/STM32F7508-DK/TouchGFX/generated/images/src/__designer/image_Blue_Needles_original_gauge_needle_style_00.o
LOAD TouchGFX/build/STM32F7508-DK/TouchGFX/generated/images/src/image_Yash_AnswerScreen.o
LOAD TouchGFX/build/STM32F7508-DK/TouchGFX/generated/images/src/image_FE_Gauge-removebg-preview.o
LOAD TouchGFX/build/STM32F7508-DK/TouchGFX/generated/images/src/BitmapDatabase.o
LOAD TouchGFX/build/STM32F7508-DK/TouchGFX/generated/images/src/image_lol.o
LOAD TouchGFX/build/STM32F7508-DK/TouchGFX/generated/texts/src/LanguageGb.o
LOAD TouchGFX/build/STM32F7508-DK/TouchGFX/generated/texts/src/TypedTextDatabase.o
LOAD TouchGFX/build/STM32F7508-DK/TouchGFX/generated/texts/src/Texts.o
LOAD TouchGFX/build/STM32F7508-DK/TouchGFX/target/generated/TouchGFXGeneratedHAL.o
LOAD TouchGFX/build/STM32F7508-DK/TouchGFX/target/generated/STM32DMA.o
LOAD TouchGFX/build/STM32F7508-DK/TouchGFX/target/generated/OSWrappers.o
LOAD TouchGFX/build/STM32F7508-DK/TouchGFX/target/generated/TouchGFXConfiguration.o
LOAD TouchGFX/build/STM32F7508-DK/TouchGFX/target/TouchGFXHAL.o
LOAD TouchGFX/build/STM32F7508-DK/TouchGFX/target/TouchGFXGPIO.o
LOAD TouchGFX/build/STM32F7508-DK/TouchGFX/target/STM32TouchController.o
LOAD TouchGFX/build/STM32F7508-DK/TouchGFX/target/CortexMMCUInstrumentation.o
LOAD TouchGFX/build/STM32F7508-DK/Core/Src/system_stm32f7xx.o
LOAD TouchGFX/build/STM32F7508-DK/Core/Src/main.o
LOAD TouchGFX/build/STM32F7508-DK/Core/Src/stm32f7xx_hal_timebase_tim.o
LOAD TouchGFX/build/STM32F7508-DK/Core/Src/stm32f7xx_hal_msp.o
LOAD TouchGFX/build/STM32F7508-DK/Core/Src/freertos.o
LOAD TouchGFX/build/STM32F7508-DK/Core/Src/stm32f7xx_it.o
LOAD TouchGFX/build/STM32F7508-DK/Drivers/STM32F7xx_HAL_Driver/Src/stm32f7xx_hal_ltdc_ex.o
LOAD TouchGFX/build/STM32F7508-DK/Drivers/STM32F7xx_HAL_Driver/Src/stm32f7xx_hal.o
LOAD TouchGFX/build/STM32F7508-DK/Drivers/STM32F7xx_HAL_Driver/Src/stm32f7xx_hal_uart.o
LOAD TouchGFX/build/STM32F7508-DK/Drivers/STM32F7xx_HAL_Driver/Src/stm32f7xx_hal_rcc_ex.o
LOAD TouchGFX/build/STM32F7508-DK/Drivers/STM32F7xx_HAL_Driver/Src/stm32f7xx_hal_dsi.o
LOAD TouchGFX/build/STM32F7508-DK/Drivers/STM32F7xx_HAL_Driver/Src/stm32f7xx_hal_crc.o
LOAD TouchGFX/build/STM32F7508-DK/Drivers/STM32F7xx_HAL_Driver/Src/stm32f7xx_hal_ltdc.o
LOAD TouchGFX/build/STM32F7508-DK/Drivers/STM32F7xx_HAL_Driver/Src/stm32f7xx_hal_pwr_ex.o
LOAD TouchGFX/build/STM32F7508-DK/Drivers/STM32F7xx_HAL_Driver/Src/stm32f7xx_hal_sdram.o
LOAD TouchGFX/build/STM32F7508-DK/Drivers/STM32F7xx_HAL_Driver/Src/stm32f7xx_hal_flash.o
LOAD TouchGFX/build/STM32F7508-DK/Drivers/STM32F7xx_HAL_Driver/Src/stm32f7xx_hal_rcc.o
LOAD TouchGFX/build/STM32F7508-DK/Drivers/STM32F7xx_HAL_Driver/Src/stm32f7xx_hal_dma_ex.o
LOAD TouchGFX/build/STM32F7508-DK/Drivers/STM32F7xx_HAL_Driver/Src/stm32f7xx_hal_i2c.o
LOAD TouchGFX/build/STM32F7508-DK/Drivers/STM32F7xx_HAL_Driver/Src/stm32f7xx_hal_pwr.o
LOAD TouchGFX/build/STM32F7508-DK/Drivers/STM32F7xx_HAL_Driver/Src/stm32f7xx_hal_dma.o
LOAD TouchGFX/build/STM32F7508-DK/Drivers/STM32F7xx_HAL_Driver/Src/stm32f7xx_hal_uart_ex.o
LOAD TouchGFX/build/STM32F7508-DK/Drivers/STM32F7xx_HAL_Driver/Src/stm32f7xx_hal_tim_ex.o
LOAD TouchGFX/build/STM32F7508-DK/Drivers/STM32F7xx_HAL_Driver/Src/stm32f7xx_hal_cortex.o
LOAD TouchGFX/build/STM32F7508-DK/Drivers/STM32F7xx_HAL_Driver/Src/stm32f7xx_ll_fmc.o
LOAD TouchGFX/build/STM32F7508-DK/Drivers/STM32F7xx_HAL_Driver/Src/stm32f7xx_hal_flash_ex.o
LOAD TouchGFX/build/STM32F7508-DK/Drivers/STM32F7xx_HAL_Driver/Src/stm32f7xx_hal_exti.o
LOAD TouchGFX/build/STM32F7508-DK/Drivers/STM32F7xx_HAL_Driver/Src/stm32f7xx_hal_gpio.o
LOAD TouchGFX/build/STM32F7508-DK/Drivers/STM32F7xx_HAL_Driver/Src/stm32f7xx_hal_dma2d.o
LOAD TouchGFX/build/STM32F7508-DK/Drivers/STM32F7xx_HAL_Driver/Src/stm32f7xx_hal_tim.o
LOAD TouchGFX/build/STM32F7508-DK/Drivers/STM32F7xx_HAL_Driver/Src/stm32f7xx_hal_i2c_ex.o
LOAD TouchGFX/build/STM32F7508-DK/Drivers/STM32F7xx_HAL_Driver/Src/stm32f7xx_hal_crc_ex.o
LOAD TouchGFX/build/STM32F7508-DK/TouchGFX/App/app_touchgfx.o
LOAD TouchGFX/build/STM32F7508-DK/Middlewares/Third_Party/FreeRTOS/Source/croutine.o
LOAD TouchGFX/build/STM32F7508-DK/Middlewares/Third_Party/FreeRTOS/Source/list.o
LOAD TouchGFX/build/STM32F7508-DK/Middlewares/Third_Party/FreeRTOS/Source/queue.o
LOAD TouchGFX/build/STM32F7508-DK/Middlewares/Third_Party/FreeRTOS/Source/tasks.o
LOAD TouchGFX/build/STM32F7508-DK/Middlewares/Third_Party/FreeRTOS/Source/timers.o
LOAD TouchGFX/build/STM32F7508-DK/Middlewares/Third_Party/FreeRTOS/Source/CMSIS_RTOS_V2/cmsis_os2.o
LOAD TouchGFX/build/STM32F7508-DK/gcc/Middlewares/Third_Party/FreeRTOS/Source/portable/MemMang/heap_4.o
LOAD TouchGFX/build/STM32F7508-DK/gcc/Middlewares/Third_Party/FreeRTOS/Source/portable/GCC/ARM_CM7/r0p1/port.o
LOAD TouchGFX/build/STM32F7508-DK/Drivers/BSP/STM32F7508-Discovery/stm32f7508_discovery.o
LOAD TouchGFX/build/STM32F7508-DK/Drivers/BSP/STM32F7508-Discovery/stm32f7508_discovery_sdram.o
LOAD TouchGFX/build/STM32F7508-DK/Drivers/BSP/STM32F7508-Discovery/stm32f7508_discovery_ts.o
LOAD TouchGFX/build/STM32F7508-DK/Drivers/BSP/Components/ft5336/ft5336.o
LOAD TouchGFX/build/STM32F7508-DK/gcc/startup_stm32f750xx.o
LOAD TouchGFX/build/STM32F7508-DK/ExtMem_Boot/Binary/Bootloader.o
START GROUP
LOAD Middlewares/ST/touchgfx/lib/core/cortex_m7/gcc\libtouchgfx.a
END GROUP
LOAD c:/touchgfx/4.17.0/env/mingw/msys/1.0/gnu-arm-gcc/bin/../lib/gcc/arm-none-eabi/7.3.1/../../../../arm-none-eabi/lib/thumb/v7e-m/fpv4-sp/softfp\libstdc++_nano.a
LOAD c:/touchgfx/4.17.0/env/mingw/msys/1.0/gnu-arm-gcc/bin/../lib/gcc/arm-none-eabi/7.3.1/../../../../arm-none-eabi/lib/thumb/v7e-m/fpv4-sp/softfp\libm.a
START GROUP
LOAD c:/touchgfx/4.17.0/env/mingw/msys/1.0/gnu-arm-gcc/bin/../lib/gcc/arm-none-eabi/7.3.1/thumb/v7e-m/fpv4-sp/softfp\libgcc.a
LOAD c:/touchgfx/4.17.0/env/mingw/msys/1.0/gnu-arm-gcc/bin/../lib/gcc/arm-none-eabi/7.3.1/../../../../arm-none-eabi/lib/thumb/v7e-m/fpv4-sp/softfp\libg_nano.a
LOAD c:/touchgfx/4.17.0/env/mingw/msys/1.0/gnu-arm-gcc/bin/../lib/gcc/arm-none-eabi/7.3.1/../../../../arm-none-eabi/lib/thumb/v7e-m/fpv4-sp/softfp\libc_nano.a
END GROUP
START GROUP
LOAD c:/touchgfx/4.17.0/env/mingw/msys/1.0/gnu-arm-gcc/bin/../lib/gcc/arm-none-eabi/7.3.1/thumb/v7e-m/fpv4-sp/softfp\libgcc.a
LOAD c:/touchgfx/4.17.0/env/mingw/msys/1.0/gnu-arm-gcc/bin/../lib/gcc/arm-none-eabi/7.3.1/../../../../arm-none-eabi/lib/thumb/v7e-m/fpv4-sp/softfp\libc_nano.a
LOAD c:/touchgfx/4.17.0/env/mingw/msys/1.0/gnu-arm-gcc/bin/../lib/gcc/arm-none-eabi/7.3.1/../../../../arm-none-eabi/lib/thumb/v7e-m/fpv4-sp/softfp\libnosys.a
END GROUP
START GROUP
LOAD c:/touchgfx/4.17.0/env/mingw/msys/1.0/gnu-arm-gcc/bin/../lib/gcc/arm-none-eabi/7.3.1/thumb/v7e-m/fpv4-sp/softfp\libgcc.a
LOAD c:/touchgfx/4.17.0/env/mingw/msys/1.0/gnu-arm-gcc/bin/../lib/gcc/arm-none-eabi/7.3.1/../../../../arm-none-eabi/lib/thumb/v7e-m/fpv4-sp/softfp\libc_nano.a
LOAD c:/touchgfx/4.17.0/env/mingw/msys/1.0/gnu-arm-gcc/bin/../lib/gcc/arm-none-eabi/7.3.1/../../../../arm-none-eabi/lib/thumb/v7e-m/fpv4-sp/softfp\libnosys.a
END GROUP
LOAD c:/touchgfx/4.17.0/env/mingw/msys/1.0/gnu-arm-gcc/bin/../lib/gcc/arm-none-eabi/7.3.1/thumb/v7e-m/fpv4-sp/softfp/crtend.o
LOAD c:/touchgfx/4.17.0/env/mingw/msys/1.0/gnu-arm-gcc/bin/../lib/gcc/arm-none-eabi/7.3.1/thumb/v7e-m/fpv4-sp/softfp/crtn.o
                0x20050000                _estack = (ORIGIN (RAM) + LENGTH (RAM))
                0x00001000                _Min_Heap_Size = 0x1000
                0x00001000                _Min_Stack_Size = 0x1000

.isr_vector     0x90000000      0x1c8
                0x90000000                . = ALIGN (0x4)
 *(.isr_vector)
 .isr_vector    0x90000000      0x1c8 TouchGFX/build/STM32F7508-DK/gcc/startup_stm32f750xx.o
                0x90000000                g_pfnVectors
                0x900001c8                . = ALIGN (0x4)

.text           0x900001d0    0x1f2b8
                0x900001d0                . = ALIGN (0x4)
 *(.text)
 .text          0x900001d0       0x40 c:/touchgfx/4.17.0/env/mingw/msys/1.0/gnu-arm-gcc/bin/../lib/gcc/arm-none-eabi/7.3.1/thumb/v7e-m/fpv4-sp/softfp/crtbegin.o
 .text          0x90000210       0x30 c:/touchgfx/4.17.0/env/mingw/msys/1.0/gnu-arm-gcc/bin/../lib/gcc/arm-none-eabi/7.3.1/thumb/v7e-m/fpv4-sp/softfp\libgcc.a(_aeabi_uldivmod.o)
                0x90000210                __aeabi_uldivmod
 .text          0x90000240      0x2cc c:/touchgfx/4.17.0/env/mingw/msys/1.0/gnu-arm-gcc/bin/../lib/gcc/arm-none-eabi/7.3.1/thumb/v7e-m/fpv4-sp/softfp\libgcc.a(_udivmoddi4.o)
                0x90000240                __udivmoddi4
 .text          0x9000050c        0x4 c:/touchgfx/4.17.0/env/mingw/msys/1.0/gnu-arm-gcc/bin/../lib/gcc/arm-none-eabi/7.3.1/thumb/v7e-m/fpv4-sp/softfp\libgcc.a(_dvmd_tls.o)
                0x9000050c                __aeabi_idiv0
                0x9000050c                __aeabi_ldiv0
 .text          0x90000510       0xa0 c:/touchgfx/4.17.0/env/mingw/msys/1.0/gnu-arm-gcc/bin/../lib/gcc/arm-none-eabi/7.3.1/../../../../arm-none-eabi/lib/thumb/v7e-m/fpv4-sp/softfp\libg_nano.a(lib_a-memchr.o)
                0x90000510                memchr
 *(.text*)
 .text._ZN16Screen1PresenterD2Ev
                0x900005b0        0x6 TouchGFX/build/STM32F7508-DK/TouchGFX/gui/src/screen1_screen/Screen1Presenter.o
                0x900005b0                Screen1Presenter::~Screen1Presenter()
                0x900005b0                Screen1Presenter::~Screen1Presenter()
                0x900005b2                non-virtual thunk to Screen1Presenter::~Screen1Presenter()
 .text._ZN16Screen1Presenter8activateEv
                0x900005b6        0x2 TouchGFX/build/STM32F7508-DK/TouchGFX/gui/src/screen1_screen/Screen1Presenter.o
                0x900005b6                Screen1Presenter::deactivate()
                0x900005b6                Screen1Presenter::activate()
 .text._ZN16Screen1PresenterD0Ev
                0x900005b8       0x14 TouchGFX/build/STM32F7508-DK/TouchGFX/gui/src/screen1_screen/Screen1Presenter.o
                0x900005b8                Screen1Presenter::~Screen1Presenter()
                0x900005c6                non-virtual thunk to Screen1Presenter::~Screen1Presenter()
 .text._ZN16Screen1PresenterC2ER11Screen1View
                0x900005cc       0x1c TouchGFX/build/STM32F7508-DK/TouchGFX/gui/src/screen1_screen/Screen1Presenter.o
                0x900005cc                Screen1Presenter::Screen1Presenter(Screen1View&)
                0x900005cc                Screen1Presenter::Screen1Presenter(Screen1View&)
 .text._ZN8touchgfx6Screen15afterTransitionEv
                0x900005e8        0x2 TouchGFX/build/STM32F7508-DK/TouchGFX/gui/src/screen1_screen/Screen1View.o
                0x900005e8                touchgfx::Screen::afterTransition()
 .text._ZN8touchgfx6Screen15handleTickEventEv
                0x900005ea        0x2 TouchGFX/build/STM32F7508-DK/TouchGFX/gui/src/screen1_screen/Screen1View.o
                0x900005ea                touchgfx::Screen::handleTickEvent()
 .text._ZN8touchgfx6Screen14handleKeyEventEh
                0x900005ec        0x2 TouchGFX/build/STM32F7508-DK/TouchGFX/gui/src/screen1_screen/Screen1View.o
                0x900005ec                touchgfx::Screen::handleKeyEvent(unsigned char)
 .text._ZN11Screen1ViewD2Ev
                0x900005ee        0x2 TouchGFX/build/STM32F7508-DK/TouchGFX/gui/src/screen1_screen/Screen1View.o
                0x900005ee                Screen1View::~Screen1View()
                0x900005ee                Screen1View::~Screen1View()
 .text._ZN11Screen1View14tearDownScreenEv
                0x900005f0        0x2 TouchGFX/build/STM32F7508-DK/TouchGFX/gui/src/screen1_screen/Screen1View.o
                0x900005f0                Screen1View::tearDownScreen()
 .text._ZN11Screen1View11setupScreenEv
                0x900005f2        0x4 TouchGFX/build/STM32F7508-DK/TouchGFX/gui/src/screen1_screen/Screen1View.o
                0x900005f2                Screen1View::setupScreen()
 .text._ZN11Screen1ViewD0Ev
                0x900005f6       0x10 TouchGFX/build/STM32F7508-DK/TouchGFX/gui/src/screen1_screen/Screen1View.o
                0x900005f6                Screen1View::~Screen1View()
 *fill*         0x90000606        0x2 
 .text._ZN11Screen1ViewC2Ev
                0x90000608       0x14 TouchGFX/build/STM32F7508-DK/TouchGFX/gui/src/screen1_screen/Screen1View.o
                0x90000608                Screen1View::Screen1View()
                0x90000608                Screen1View::Screen1View()
 .text._ZN5ModelC2Ev
                0x9000061c        0x6 TouchGFX/build/STM32F7508-DK/TouchGFX/gui/src/model/Model.o
                0x9000061c                Model::Model()
                0x9000061c                Model::Model()
 .text._ZN5Model4tickEv
                0x90000622        0x2 TouchGFX/build/STM32F7508-DK/TouchGFX/gui/src/model/Model.o
                0x90000622                Model::tick()
 .text._ZN8touchgfx11Application15appSwitchScreenEh
                0x90000624        0x2 TouchGFX/build/STM32F7508-DK/TouchGFX/gui/src/common/FrontendApplication.o
                0x90000624                touchgfx::Application::appSwitchScreen(unsigned char)
 .text._ZN8touchgfx11Application13requestRedrawERNS_4RectE
                0x90000626        0xc TouchGFX/build/STM32F7508-DK/TouchGFX/gui/src/common/FrontendApplication.o
                0x90000626                touchgfx::Application::requestRedraw(touchgfx::Rect&)
 .text._ZN19FrontendApplicationD2Ev
                0x90000632        0x2 TouchGFX/build/STM32F7508-DK/TouchGFX/gui/src/common/FrontendApplication.o
                0x90000632                FrontendApplication::~FrontendApplication()
                0x90000632                FrontendApplication::~FrontendApplication()
 .text._ZN19FrontendApplicationD0Ev
                0x90000634       0x10 TouchGFX/build/STM32F7508-DK/TouchGFX/gui/src/common/FrontendApplication.o
                0x90000634                FrontendApplication::~FrontendApplication()
 .text._ZN19FrontendApplication15handleTickEventEv
                0x90000644       0x16 TouchGFX/build/STM32F7508-DK/TouchGFX/gui/src/common/FrontendApplication.o
                0x90000644                FrontendApplication::handleTickEvent()
 .text._ZN8touchgfx14MVPApplication29handlePendingScreenTransitionEv
                0x9000065a       0x24 TouchGFX/build/STM32F7508-DK/TouchGFX/gui/src/common/FrontendApplication.o
                0x9000065a                touchgfx::MVPApplication::handlePendingScreenTransition()
 *fill*         0x9000067e        0x2 
 .text._ZN19FrontendApplicationC2ER5ModelR12FrontendHeap
                0x90000680       0x14 TouchGFX/build/STM32F7508-DK/TouchGFX/gui/src/common/FrontendApplication.o
                0x90000680                FrontendApplication::FrontendApplication(Model&, FrontendHeap&)
                0x90000680                FrontendApplication::FrontendApplication(Model&, FrontendHeap&)
 .text._ZN8touchgfx8Drawable13getFirstChildEv
                0x90000694        0x4 TouchGFX/build/STM32F7508-DK/TouchGFX/generated/gui_generated/src/screen1_screen/Screen1ViewBase.o
                0x90000694                touchgfx::Drawable::getFirstChild()
 .text._ZN8touchgfx8Drawable4setXEs
                0x90000698        0x4 TouchGFX/build/STM32F7508-DK/TouchGFX/generated/gui_generated/src/screen1_screen/Screen1ViewBase.o
                0x90000698                touchgfx::Drawable::setX(short)
 .text._ZN8touchgfx8Drawable4setYEs
                0x9000069c        0x4 TouchGFX/build/STM32F7508-DK/TouchGFX/generated/gui_generated/src/screen1_screen/Screen1ViewBase.o
                0x9000069c                touchgfx::Drawable::setY(short)
 .text._ZN8touchgfx8Drawable8setWidthEs
                0x900006a0        0x4 TouchGFX/build/STM32F7508-DK/TouchGFX/generated/gui_generated/src/screen1_screen/Screen1ViewBase.o
                0x900006a0                touchgfx::Drawable::setWidth(short)
 .text._ZN8touchgfx8Drawable9setHeightEs
                0x900006a4        0x4 TouchGFX/build/STM32F7508-DK/TouchGFX/generated/gui_generated/src/screen1_screen/Screen1ViewBase.o
                0x900006a4                touchgfx::Drawable::setHeight(short)
 .text._ZN8touchgfx8Drawable20childGeometryChangedEv
                0x900006a8        0x2 TouchGFX/build/STM32F7508-DK/TouchGFX/generated/gui_generated/src/screen1_screen/Screen1ViewBase.o
                0x900006a8                touchgfx::Drawable::childGeometryChanged()
 .text._ZN8touchgfx8Drawable16handleClickEventERKNS_10ClickEventE
                0x900006aa        0x2 TouchGFX/build/STM32F7508-DK/TouchGFX/generated/gui_generated/src/screen1_screen/Screen1ViewBase.o
                0x900006aa                touchgfx::Drawable::handleClickEvent(touchgfx::ClickEvent const&)
 .text._ZN8touchgfx8Drawable18handleGestureEventERKNS_12GestureEventE
                0x900006ac        0x2 TouchGFX/build/STM32F7508-DK/TouchGFX/generated/gui_generated/src/screen1_screen/Screen1ViewBase.o
                0x900006ac                touchgfx::Drawable::handleGestureEvent(touchgfx::GestureEvent const&)
 .text._ZN8touchgfx8Drawable15handleDragEventERKNS_9DragEventE
                0x900006ae        0x2 TouchGFX/build/STM32F7508-DK/TouchGFX/generated/gui_generated/src/screen1_screen/Screen1ViewBase.o
                0x900006ae                touchgfx::Drawable::handleDragEvent(touchgfx::DragEvent const&)
 .text._ZN8touchgfx8Drawable15handleTickEventEv
                0x900006b0        0x2 TouchGFX/build/STM32F7508-DK/TouchGFX/generated/gui_generated/src/screen1_screen/Screen1ViewBase.o
                0x900006b0                touchgfx::Drawable::handleTickEvent()
 .text._ZN8touchgfx8Drawable6moveToEss
                0x900006b2       0x18 TouchGFX/build/STM32F7508-DK/TouchGFX/generated/gui_generated/src/screen1_screen/Screen1ViewBase.o
                0x900006b2                touchgfx::Drawable::moveTo(short, short)
 .text._ZN8touchgfx8Drawable14setupDrawChainERKNS_4RectEPPS0_
                0x900006ca       0x14 TouchGFX/build/STM32F7508-DK/TouchGFX/generated/gui_generated/src/screen1_screen/Screen1ViewBase.o
                0x900006ca                touchgfx::Drawable::setupDrawChain(touchgfx::Rect const&, touchgfx::Drawable**)
 .text._ZN8touchgfx6Screen11setupScreenEv
                0x900006de        0x2 TouchGFX/build/STM32F7508-DK/TouchGFX/generated/gui_generated/src/screen1_screen/Screen1ViewBase.o
                0x900006de                touchgfx::Screen::setupScreen()
 .text._ZN8touchgfx6Screen14tearDownScreenEv
                0x900006e0        0x2 TouchGFX/build/STM32F7508-DK/TouchGFX/generated/gui_generated/src/screen1_screen/Screen1ViewBase.o
                0x900006e0                touchgfx::Screen::tearDownScreen()
 .text._ZN8touchgfx6Widget12getLastChildEssPPNS_8DrawableE
                0x900006e2       0x10 TouchGFX/build/STM32F7508-DK/TouchGFX/generated/gui_generated/src/screen1_screen/Screen1ViewBase.o
                0x900006e2                touchgfx::Widget::getLastChild(short, short, touchgfx::Drawable**)
 .text._ZN8touchgfx9TypedTextD2Ev
                0x900006f2        0x2 TouchGFX/build/STM32F7508-DK/TouchGFX/generated/gui_generated/src/screen1_screen/Screen1ViewBase.o
                0x900006f2                touchgfx::TypedText::~TypedText()
                0x900006f2                touchgfx::TypedText::~TypedText()
 .text._ZN15Screen1ViewBaseD2Ev
                0x900006f4        0x2 TouchGFX/build/STM32F7508-DK/TouchGFX/generated/gui_generated/src/screen1_screen/Screen1ViewBase.o
                0x900006f4                Screen1ViewBase::~Screen1ViewBase()
                0x900006f4                Screen1ViewBase::~Screen1ViewBase()
 .text._ZN15Screen1ViewBase11setupScreenEv
                0x900006f6        0x2 TouchGFX/build/STM32F7508-DK/TouchGFX/generated/gui_generated/src/screen1_screen/Screen1ViewBase.o
                0x900006f6                Screen1ViewBase::setupScreen()
 .text._ZN8touchgfx9TypedTextD0Ev
                0x900006f8        0xe TouchGFX/build/STM32F7508-DK/TouchGFX/generated/gui_generated/src/screen1_screen/Screen1ViewBase.o
                0x900006f8                touchgfx::TypedText::~TypedText()
 .text._ZN15Screen1ViewBaseD0Ev
                0x90000706       0x10 TouchGFX/build/STM32F7508-DK/TouchGFX/generated/gui_generated/src/screen1_screen/Screen1ViewBase.o
                0x90000706                Screen1ViewBase::~Screen1ViewBase()
 .text._ZN8touchgfx8Drawable5setXYEss
                0x90000716       0x1a TouchGFX/build/STM32F7508-DK/TouchGFX/generated/gui_generated/src/screen1_screen/Screen1ViewBase.o
                0x90000716                touchgfx::Drawable::setXY(short, short)
 .text._ZN8touchgfx8Drawable11setPositionEssss
                0x90000730       0x26 TouchGFX/build/STM32F7508-DK/TouchGFX/generated/gui_generated/src/screen1_screen/Screen1ViewBase.o
                0x90000730                touchgfx::Drawable::setPosition(short, short, short, short)
 *fill*         0x90000756        0x2 
 .text._ZN8touchgfx8TextAreaC2Ev
                0x90000758       0x50 TouchGFX/build/STM32F7508-DK/TouchGFX/generated/gui_generated/src/screen1_screen/Screen1ViewBase.o
                0x90000758                touchgfx::TextArea::TextArea()
                0x90000758                touchgfx::TextArea::TextArea()
 .text._ZN15Screen1ViewBaseC2Ev
                0x900007a8      0x240 TouchGFX/build/STM32F7508-DK/TouchGFX/generated/gui_generated/src/screen1_screen/Screen1ViewBase.o
                0x900007a8                Screen1ViewBase::Screen1ViewBase()
                0x900007a8                Screen1ViewBase::Screen1ViewBase()
 .text._ZN8touchgfx10Transition8tearDownEv
                0x900009e8        0x2 TouchGFX/build/STM32F7508-DK/TouchGFX/generated/gui_generated/src/common/FrontendApplicationBase.o
                0x900009e8                touchgfx::Transition::tearDown()
 .text._ZN8touchgfx10Transition4initEv
                0x900009ea        0x2 TouchGFX/build/STM32F7508-DK/TouchGFX/generated/gui_generated/src/common/FrontendApplicationBase.o
                0x900009ea                touchgfx::Transition::init()
 .text._ZN8touchgfx10Transition18setScreenContainerERNS_9ContainerE
                0x900009ec        0x4 TouchGFX/build/STM32F7508-DK/TouchGFX/generated/gui_generated/src/common/FrontendApplicationBase.o
                0x900009ec                touchgfx::Transition::setScreenContainer(touchgfx::Container&)
 .text._ZN23FrontendApplicationBaseD2Ev
                0x900009f0        0x2 TouchGFX/build/STM32F7508-DK/TouchGFX/generated/gui_generated/src/common/FrontendApplicationBase.o
                0x900009f0                FrontendApplicationBase::~FrontendApplicationBase()
                0x900009f0                FrontendApplicationBase::~FrontendApplicationBase()
 .text._ZN8touchgfx12NoTransition15handleTickEventEv
                0x900009f2        0x6 TouchGFX/build/STM32F7508-DK/TouchGFX/generated/gui_generated/src/common/FrontendApplicationBase.o
                0x900009f2                touchgfx::NoTransition::handleTickEvent()
 .text._ZN8touchgfx12NoTransitionD2Ev
                0x900009f8        0x2 TouchGFX/build/STM32F7508-DK/TouchGFX/generated/gui_generated/src/common/FrontendApplicationBase.o
                0x900009f8                touchgfx::NoTransition::~NoTransition()
                0x900009f8                touchgfx::NoTransition::~NoTransition()
 .text._ZN8touchgfx8CallbackI23FrontendApplicationBasevvvED2Ev
                0x900009fa        0x2 TouchGFX/build/STM32F7508-DK/TouchGFX/generated/gui_generated/src/common/FrontendApplicationBase.o
                0x900009fa                touchgfx::Callback<FrontendApplicationBase, void, void, void>::~Callback()
                0x900009fa                touchgfx::Callback<FrontendApplicationBase, void, void, void>::~Callback()
 .text._ZN8touchgfx8CallbackI23FrontendApplicationBasevvvE7executeEv
                0x900009fc       0x20 TouchGFX/build/STM32F7508-DK/TouchGFX/generated/gui_generated/src/common/FrontendApplicationBase.o
                0x900009fc                touchgfx::Callback<FrontendApplicationBase, void, void, void>::execute()
 .text._ZNK8touchgfx8CallbackI23FrontendApplicationBasevvvE7isValidEv
                0x90000a1c       0x18 TouchGFX/build/STM32F7508-DK/TouchGFX/generated/gui_generated/src/common/FrontendApplicationBase.o
                0x90000a1c                touchgfx::Callback<FrontendApplicationBase, void, void, void>::isValid() const
 .text._ZN8touchgfx12NoTransitionD0Ev
                0x90000a34        0xe TouchGFX/build/STM32F7508-DK/TouchGFX/generated/gui_generated/src/common/FrontendApplicationBase.o
                0x90000a34                touchgfx::NoTransition::~NoTransition()
 .text._ZN23FrontendApplicationBaseD0Ev
                0x90000a42       0x10 TouchGFX/build/STM32F7508-DK/TouchGFX/generated/gui_generated/src/common/FrontendApplicationBase.o
                0x90000a42                FrontendApplicationBase::~FrontendApplicationBase()
 .text._ZN8touchgfx8CallbackI23FrontendApplicationBasevvvED0Ev
                0x90000a52        0xe TouchGFX/build/STM32F7508-DK/TouchGFX/generated/gui_generated/src/common/FrontendApplicationBase.o
                0x90000a52                touchgfx::Callback<FrontendApplicationBase, void, void, void>::~Callback()
 .text._ZN8touchgfx10Transition10invalidateEv
                0x90000a60       0x10 TouchGFX/build/STM32F7508-DK/TouchGFX/generated/gui_generated/src/common/FrontendApplicationBase.o
                0x90000a60                touchgfx::Transition::invalidate()
 .text._ZN23FrontendApplicationBaseC2ER5ModelR12FrontendHeap
                0x90000a70       0x70 TouchGFX/build/STM32F7508-DK/TouchGFX/generated/gui_generated/src/common/FrontendApplicationBase.o
                0x90000a70                FrontendApplicationBase::FrontendApplicationBase(Model&, FrontendHeap&)
                0x90000a70                FrontendApplicationBase::FrontendApplicationBase(Model&, FrontendHeap&)
 .text._ZN23FrontendApplicationBase29gotoScreen1ScreenNoTransitionEv
                0x90000ae0       0x20 TouchGFX/build/STM32F7508-DK/TouchGFX/generated/gui_generated/src/common/FrontendApplicationBase.o
                0x90000ae0                FrontendApplicationBase::gotoScreen1ScreenNoTransition()
 .text._ZN8touchgfx14makeTransitionI11Screen1View16Screen1PresenterNS_12NoTransitionE5ModelEEPT0_PPNS_6ScreenEPPNS_9PresenterERNS_7MVPHeapEPPNS_10TransitionEPT2_
                0x90000b00      0x140 TouchGFX/build/STM32F7508-DK/TouchGFX/generated/gui_generated/src/common/FrontendApplicationBase.o
                0x90000b00                Screen1Presenter* touchgfx::makeTransition<Screen1View, Screen1Presenter, touchgfx::NoTransition, Model>(touchgfx::Screen**, touchgfx::Presenter**, touchgfx::MVPHeap&, touchgfx::Transition**, Model*)
 .text._ZN23FrontendApplicationBase33gotoScreen1ScreenNoTransitionImplEv
                0x90000c40       0x28 TouchGFX/build/STM32F7508-DK/TouchGFX/generated/gui_generated/src/common/FrontendApplicationBase.o
                0x90000c40                FrontendApplicationBase::gotoScreen1ScreenNoTransitionImpl()
 .text._ZNK8touchgfx4Font8getGlyphEt
                0x90000c68       0x1e TouchGFX/build/STM32F7508-DK/TouchGFX/generated/fonts/src/GeneratedFont.o
                0x90000c68                touchgfx::Font::getGlyph(unsigned short) const
 .text._ZNK8touchgfx4Font15getFallbackCharEv
                0x90000c86        0x4 TouchGFX/build/STM32F7508-DK/TouchGFX/generated/fonts/src/GeneratedFont.o
                0x90000c86                touchgfx::Font::getFallbackChar() const
 .text._ZNK8touchgfx4Font15getEllipsisCharEv
                0x90000c8a        0x4 TouchGFX/build/STM32F7508-DK/TouchGFX/generated/fonts/src/GeneratedFont.o
                0x90000c8a                touchgfx::Font::getEllipsisChar() const
 .text._ZNK8touchgfx4Font13getFontHeightEv
                0x90000c8e        0x4 TouchGFX/build/STM32F7508-DK/TouchGFX/generated/fonts/src/GeneratedFont.o
                0x90000c8e                touchgfx::Font::getFontHeight() const
 .text._ZNK8touchgfx4Font20getMinimumTextHeightEv
                0x90000c92        0xa TouchGFX/build/STM32F7508-DK/TouchGFX/generated/fonts/src/GeneratedFont.o
                0x90000c92                touchgfx::Font::getMinimumTextHeight() const
 .text._ZNK8touchgfx4Font15getBitsPerPixelEv
                0x90000c9c        0x8 TouchGFX/build/STM32F7508-DK/TouchGFX/generated/fonts/src/GeneratedFont.o
                0x90000c9c                touchgfx::Font::getBitsPerPixel() const
 .text._ZNK8touchgfx4Font15getByteAlignRowEv
                0x90000ca4        0x6 TouchGFX/build/STM32F7508-DK/TouchGFX/generated/fonts/src/GeneratedFont.o
                0x90000ca4                touchgfx::Font::getByteAlignRow() const
 .text._ZNK8touchgfx13GeneratedFont12getGSUBTableEv
                0x90000caa        0x4 TouchGFX/build/STM32F7508-DK/TouchGFX/generated/fonts/src/GeneratedFont.o
                0x90000caa                touchgfx::GeneratedFont::getGSUBTable() const
 .text._ZNK8touchgfx13GeneratedFont23getContextualFormsTableEv
                0x90000cae        0x4 TouchGFX/build/STM32F7508-DK/TouchGFX/generated/fonts/src/GeneratedFont.o
                0x90000cae                touchgfx::GeneratedFont::getContextualFormsTable() const
 .text._ZN8touchgfx13GeneratedFontD2Ev
                0x90000cb2        0x2 TouchGFX/build/STM32F7508-DK/TouchGFX/generated/fonts/src/GeneratedFont.o
                0x90000cb2                touchgfx::GeneratedFont::~GeneratedFont()
                0x90000cb2                touchgfx::GeneratedFont::~GeneratedFont()
 .text._ZNK8touchgfx13GeneratedFont12getPixelDataEPKNS_9GlyphNodeE
                0x90000cb4       0x10 TouchGFX/build/STM32F7508-DK/TouchGFX/generated/fonts/src/GeneratedFont.o
                0x90000cb4                touchgfx::GeneratedFont::getPixelData(touchgfx::GlyphNode const*) const
 .text._ZNK8touchgfx13GeneratedFont10getKerningEtPKNS_9GlyphNodeE
                0x90000cc4       0x3a TouchGFX/build/STM32F7508-DK/TouchGFX/generated/fonts/src/GeneratedFont.o
                0x90000cc4                touchgfx::GeneratedFont::getKerning(unsigned short, touchgfx::GlyphNode const*) const
 .text._ZN8touchgfx13GeneratedFontD0Ev
                0x90000cfe        0xe TouchGFX/build/STM32F7508-DK/TouchGFX/generated/fonts/src/GeneratedFont.o
                0x90000cfe                touchgfx::GeneratedFont::~GeneratedFont()
 .text._ZN8touchgfx13GeneratedFontC2EPKNS_9GlyphNodeEtthhhhhPKPKhPKNS_11KerningNodeEttPKtPKNS_24FontContextualFormsTableE
                0x90000d0c       0x54 TouchGFX/build/STM32F7508-DK/TouchGFX/generated/fonts/src/GeneratedFont.o
                0x90000d0c                touchgfx::GeneratedFont::GeneratedFont(touchgfx::GlyphNode const*, unsigned short, unsigned short, unsigned char, unsigned char, unsigned char, unsigned char, unsigned char, unsigned char const* const*, touchgfx::KerningNode const*, unsigned short, unsigned short, unsigned short const*, touchgfx::FontContextualFormsTable const*)
                0x90000d0c                touchgfx::GeneratedFont::GeneratedFont(touchgfx::GlyphNode const*, unsigned short, unsigned short, unsigned char, unsigned char, unsigned char, unsigned char, unsigned char, unsigned char const* const*, touchgfx::KerningNode const*, unsigned short, unsigned short, unsigned short const*, touchgfx::FontContextualFormsTable const*)
 .text._Z23getFont_verdana_10_4bppv
                0x90000d60       0x78 TouchGFX/build/STM32F7508-DK/TouchGFX/generated/fonts/src/Table_verdana_10_4bpp.o
                0x90000d60                getFont_verdana_10_4bpp()
 .text._Z23getFont_verdana_40_4bppv
                0x90000dd8       0x78 TouchGFX/build/STM32F7508-DK/TouchGFX/generated/fonts/src/Table_verdana_40_4bpp.o
                0x90000dd8                getFont_verdana_40_4bpp()
 .text._Z23getFont_verdana_20_4bppv
                0x90000e50       0x78 TouchGFX/build/STM32F7508-DK/TouchGFX/generated/fonts/src/Table_verdana_20_4bpp.o
                0x90000e50                getFont_verdana_20_4bpp()
 .text._ZN23ApplicationFontProviderD2Ev
                0x90000ec8        0x2 TouchGFX/build/STM32F7508-DK/TouchGFX/generated/fonts/src/ApplicationFontProvider.o
                0x90000ec8                ApplicationFontProvider::~ApplicationFontProvider()
                0x90000ec8                ApplicationFontProvider::~ApplicationFontProvider()
 .text._ZN23ApplicationFontProviderD0Ev
                0x90000eca        0xe TouchGFX/build/STM32F7508-DK/TouchGFX/generated/fonts/src/ApplicationFontProvider.o
                0x90000eca                ApplicationFontProvider::~ApplicationFontProvider()
 .text._ZN23ApplicationFontProvider7getFontEt
                0x90000ed8       0x28 TouchGFX/build/STM32F7508-DK/TouchGFX/generated/fonts/src/ApplicationFontProvider.o
                0x90000ed8                ApplicationFontProvider::getFont(unsigned short)
 .text._ZN14BitmapDatabase11getInstanceEv
                0x90000f00        0x8 TouchGFX/build/STM32F7508-DK/TouchGFX/generated/images/src/BitmapDatabase.o
                0x90000f00                BitmapDatabase::getInstance()
 .text._ZN14BitmapDatabase15getInstanceSizeEv
                0x90000f08        0x4 TouchGFX/build/STM32F7508-DK/TouchGFX/generated/images/src/BitmapDatabase.o
                0x90000f08                BitmapDatabase::getInstanceSize()
 .text._ZN17TypedTextDatabase15getInstanceSizeEv
                0x90000f0c        0x4 TouchGFX/build/STM32F7508-DK/TouchGFX/generated/texts/src/TypedTextDatabase.o
                0x90000f0c                TypedTextDatabase::getInstanceSize()
 .text._ZN17TypedTextDatabase8getFontsEv
                0x90000f10        0x8 TouchGFX/build/STM32F7508-DK/TouchGFX/generated/texts/src/TypedTextDatabase.o
                0x90000f10                TypedTextDatabase::getFonts()
 .text.startup._GLOBAL__sub_I_touchgfx_fonts
                0x90000f18       0x1c TouchGFX/build/STM32F7508-DK/TouchGFX/generated/texts/src/TypedTextDatabase.o
 .text._ZNK8touchgfx4Font12getGSUBTableEv
                0x90000f34        0x4 TouchGFX/build/STM32F7508-DK/TouchGFX/generated/texts/src/Texts.o
                0x90000f34                touchgfx::Font::getGSUBTable() const
 .text._ZNK8touchgfx4Font23getContextualFormsTableEv
                0x90000f38        0x4 TouchGFX/build/STM32F7508-DK/TouchGFX/generated/texts/src/Texts.o
                0x90000f38                touchgfx::Font::getContextualFormsTable() const
 .text._ZNK8touchgfx4Font14getStringWidthEPKtz
                0x90000f3c       0x1c TouchGFX/build/STM32F7508-DK/TouchGFX/generated/texts/src/Texts.o
                0x90000f3c                touchgfx::Font::getStringWidth(unsigned short const*, ...) const
 .text._ZNK8touchgfx4Font14getStringWidthEhPKtz
                0x90000f58       0x1a TouchGFX/build/STM32F7508-DK/TouchGFX/generated/texts/src/Texts.o
                0x90000f58                touchgfx::Font::getStringWidth(unsigned char, unsigned short const*, ...) const
 *fill*         0x90000f72        0x2 
 .text._ZN8touchgfx12TextProvider15getNextLigatureEh
                0x90000f74       0x84 TouchGFX/build/STM32F7508-DK/TouchGFX/generated/texts/src/Texts.o
                0x90000f74                touchgfx::TextProvider::getNextLigature(unsigned char)
 .text._ZN8touchgfx12TextProvider18initializeInternalEv
                0x90000ff8        0x4 TouchGFX/build/STM32F7508-DK/TouchGFX/generated/texts/src/Texts.o
                0x90000ff8                touchgfx::TextProvider::initializeInternal()
 .text._ZN8touchgfx3LCD10drawStringENS_4RectERKS1_RKNS0_13StringVisualsEPKtz
                0x90000ffc       0x22 TouchGFX/build/STM32F7508-DK/TouchGFX/generated/texts/src/Texts.o
                0x90000ffc                touchgfx::LCD::drawString(touchgfx::Rect, touchgfx::Rect const&, touchgfx::LCD::StringVisuals const&, unsigned short const*, ...)
 *fill*         0x9000101e        0x2 
 .text._ZN8touchgfx5Texts11setLanguageEt
                0x90001020       0x74 TouchGFX/build/STM32F7508-DK/TouchGFX/generated/texts/src/Texts.o
                0x90001020                touchgfx::Texts::setLanguage(unsigned short)
 .text._ZNK8touchgfx5Texts7getTextEt
                0x90001094       0x1c TouchGFX/build/STM32F7508-DK/TouchGFX/generated/texts/src/Texts.o
                0x90001094                touchgfx::Texts::getText(unsigned short) const
 .text._ZN8touchgfx3HAL21setDisplayOrientationENS_18DisplayOrientationE
                0x900010b0        0xc TouchGFX/build/STM32F7508-DK/TouchGFX/target/generated/TouchGFXGeneratedHAL.o
                0x900010b0                touchgfx::HAL::setDisplayOrientation(touchgfx::DisplayOrientation)
 .text._ZN8touchgfx3HAL9sampleKeyERh
                0x900010bc        0x4 TouchGFX/build/STM32F7508-DK/TouchGFX/target/generated/TouchGFXGeneratedHAL.o
                0x900010bc                touchgfx::HAL::sampleKey(unsigned char&)
 .text._ZNK8touchgfx3HAL18getFlashDataReaderEv
                0x900010c0        0x4 TouchGFX/build/STM32F7508-DK/TouchGFX/target/generated/TouchGFXGeneratedHAL.o
                0x900010c0                touchgfx::HAL::getFlashDataReader() const
 .text._ZN8touchgfx3HAL9taskDelayEt
                0x900010c4        0xa TouchGFX/build/STM32F7508-DK/TouchGFX/target/generated/TouchGFXGeneratedHAL.o
                0x900010c4                touchgfx::HAL::taskDelay(unsigned short)
 .text._ZN8touchgfx3HAL17getTFTCurrentLineEv
                0x900010ce        0x6 TouchGFX/build/STM32F7508-DK/TouchGFX/target/generated/TouchGFXGeneratedHAL.o
                0x900010ce                touchgfx::HAL::getTFTCurrentLine()
 .text._ZN8touchgfx3HAL10getDMATypeEv
                0x900010d4        0x8 TouchGFX/build/STM32F7508-DK/TouchGFX/target/generated/TouchGFXGeneratedHAL.o
                0x900010d4                touchgfx::HAL::getDMAType()
 .text.SCB_CleanInvalidateDCache
                0x900010dc       0x54 TouchGFX/build/STM32F7508-DK/TouchGFX/target/generated/TouchGFXGeneratedHAL.o
 .text._ZN20TouchGFXGeneratedHAL19configureInterruptsEv
                0x90001130       0x14 TouchGFX/build/STM32F7508-DK/TouchGFX/target/generated/TouchGFXGeneratedHAL.o
                0x90001130                TouchGFXGeneratedHAL::configureInterrupts()
 .text._ZN20TouchGFXGeneratedHAL28enableLCDControllerInterruptEv
                0x90001144       0x34 TouchGFX/build/STM32F7508-DK/TouchGFX/target/generated/TouchGFXGeneratedHAL.o
                0x90001144                TouchGFXGeneratedHAL::enableLCDControllerInterrupt()
 .text._ZNK20TouchGFXGeneratedHAL17getTFTFrameBufferEv
                0x90001178        0xc TouchGFX/build/STM32F7508-DK/TouchGFX/target/generated/TouchGFXGeneratedHAL.o
                0x90001178                TouchGFXGeneratedHAL::getTFTFrameBuffer() const
 .text._ZN20TouchGFXGeneratedHAL17setTFTFrameBufferEPt
                0x90001184       0x10 TouchGFX/build/STM32F7508-DK/TouchGFX/target/generated/TouchGFXGeneratedHAL.o
                0x90001184                TouchGFXGeneratedHAL::setTFTFrameBuffer(unsigned short*)
 .text._ZN20TouchGFXGeneratedHAL15InvalidateCacheEv
                0x90001194       0x14 TouchGFX/build/STM32F7508-DK/TouchGFX/target/generated/TouchGFXGeneratedHAL.o
                0x90001194                TouchGFXGeneratedHAL::InvalidateCache()
                0x90001194                TouchGFXGeneratedHAL::FlushCache()
 .text._ZN20TouchGFXGeneratedHAL10initializeEv
                0x900011a8       0x34 TouchGFX/build/STM32F7508-DK/TouchGFX/target/generated/TouchGFXGeneratedHAL.o
                0x900011a8                TouchGFXGeneratedHAL::initialize()
 .text._ZN8touchgfx3HAL28setFrameBufferStartAddressesEPvS1_S1_
                0x900011dc       0x44 TouchGFX/build/STM32F7508-DK/TouchGFX/target/generated/TouchGFXGeneratedHAL.o
                0x900011dc                touchgfx::HAL::setFrameBufferStartAddresses(void*, void*, void*)
 .text._ZN20TouchGFXGeneratedHAL10beginFrameEv
                0x90001220        0x4 TouchGFX/build/STM32F7508-DK/TouchGFX/target/generated/TouchGFXGeneratedHAL.o
                0x90001220                TouchGFXGeneratedHAL::beginFrame()
 .text._ZN20TouchGFXGeneratedHAL8endFrameEv
                0x90001224        0x4 TouchGFX/build/STM32F7508-DK/TouchGFX/target/generated/TouchGFXGeneratedHAL.o
                0x90001224                TouchGFXGeneratedHAL::endFrame()
 .text._ZN20TouchGFXGeneratedHAL16flushFrameBufferERKN8touchgfx4RectE
                0x90001228       0x1c TouchGFX/build/STM32F7508-DK/TouchGFX/target/generated/TouchGFXGeneratedHAL.o
                0x90001228                TouchGFXGeneratedHAL::flushFrameBuffer(touchgfx::Rect const&)
 .text._ZN20TouchGFXGeneratedHAL9blockCopyEPvPKvm
                0x90001244        0x4 TouchGFX/build/STM32F7508-DK/TouchGFX/target/generated/TouchGFXGeneratedHAL.o
                0x90001244                TouchGFXGeneratedHAL::blockCopy(void*, void const*, unsigned long)
 .text._ZN8touchgfx3HAL15backPorchExitedEv
                0x90001248       0x16 TouchGFX/build/STM32F7508-DK/TouchGFX/target/generated/TouchGFXGeneratedHAL.o
                0x90001248                touchgfx::HAL::backPorchExited()
 .text._ZN8touchgfx3HAL11getBlitCapsEv
                0x9000125e       0x12 TouchGFX/build/STM32F7508-DK/TouchGFX/target/generated/TouchGFXGeneratedHAL.o
                0x9000125e                touchgfx::HAL::getBlitCaps()
 .text._ZN8touchgfx3HAL31performDisplayOrientationChangeEv
                0x90001270       0x60 TouchGFX/build/STM32F7508-DK/TouchGFX/target/generated/TouchGFXGeneratedHAL.o
                0x90001270                touchgfx::HAL::performDisplayOrientationChange()
 .text._ZN20TouchGFXGeneratedHAL16enableInterruptsEv
                0x900012d0       0x14 TouchGFX/build/STM32F7508-DK/TouchGFX/target/generated/TouchGFXGeneratedHAL.o
                0x900012d0                TouchGFXGeneratedHAL::enableInterrupts()
 .text._ZN20TouchGFXGeneratedHAL17disableInterruptsEv
                0x900012e4       0x28 TouchGFX/build/STM32F7508-DK/TouchGFX/target/generated/TouchGFXGeneratedHAL.o
                0x900012e4                TouchGFXGeneratedHAL::disableInterrupts()
 .text.HAL_LTDC_LineEventCallback
                0x9000130c       0x60 TouchGFX/build/STM32F7508-DK/TouchGFX/target/generated/TouchGFXGeneratedHAL.o
                0x9000130c                HAL_LTDC_LineEventCallback
 .text._ZN8touchgfx13DMA_Interface5flushEv
                0x9000136c        0x6 TouchGFX/build/STM32F7508-DK/TouchGFX/target/generated/STM32DMA.o
                0x9000136c                touchgfx::DMA_Interface::flush()
 .text._ZN10STM32F7DMA10getDMATypeEv
                0x90001372        0x4 TouchGFX/build/STM32F7508-DK/TouchGFX/target/generated/STM32DMA.o
                0x90001372                STM32F7DMA::getDMAType()
 .text._ZN10STM32F7DMA18signalDMAInterruptEv
                0x90001376        0x6 TouchGFX/build/STM32F7508-DK/TouchGFX/target/generated/STM32DMA.o
                0x90001376                STM32F7DMA::signalDMAInterrupt()
 .text._ZN10STM32F7DMA10initializeEv
                0x9000137c       0x48 TouchGFX/build/STM32F7508-DK/TouchGFX/target/generated/STM32DMA.o
                0x9000137c                STM32F7DMA::initialize()
 .text._ZN10STM32F7DMA11getBlitCapsEv
                0x900013c4        0x6 TouchGFX/build/STM32F7508-DK/TouchGFX/target/generated/STM32DMA.o
                0x900013c4                STM32F7DMA::getBlitCaps()
 *fill*         0x900013ca        0x2 
 .text.DMA2D_XferCpltCallback
                0x900013cc       0x10 TouchGFX/build/STM32F7508-DK/TouchGFX/target/generated/STM32DMA.o
 .text._ZN10STM32F7DMA22getChromARTInputFormatEN8touchgfx6Bitmap12BitmapFormatE.isra.1
                0x900013dc       0x40 TouchGFX/build/STM32F7508-DK/TouchGFX/target/generated/STM32DMA.o
 .text._ZN10STM32F7DMA23getChromARTOutputFormatEN8touchgfx6Bitmap12BitmapFormatE.isra.3
                0x9000141c       0x3c TouchGFX/build/STM32F7508-DK/TouchGFX/target/generated/STM32DMA.o
 .text._ZN10STM32F7DMA13setupDataCopyERKN8touchgfx6BlitOpE
                0x90001458      0x188 TouchGFX/build/STM32F7508-DK/TouchGFX/target/generated/STM32DMA.o
                0x90001458                STM32F7DMA::setupDataCopy(touchgfx::BlitOp const&)
 .text._ZN10STM32F7DMA13setupDataFillERKN8touchgfx6BlitOpE
                0x900015e0       0xb0 TouchGFX/build/STM32F7508-DK/TouchGFX/target/generated/STM32DMA.o
                0x900015e0                STM32F7DMA::setupDataFill(touchgfx::BlitOp const&)
 .text._ZN10STM32F7DMAD2Ev
                0x90001690       0x20 TouchGFX/build/STM32F7508-DK/TouchGFX/target/generated/STM32DMA.o
                0x90001690                STM32F7DMA::~STM32F7DMA()
                0x90001690                STM32F7DMA::~STM32F7DMA()
 .text._ZN10STM32F7DMAD0Ev
                0x900016b0       0x16 TouchGFX/build/STM32F7508-DK/TouchGFX/target/generated/STM32DMA.o
                0x900016b0                STM32F7DMA::~STM32F7DMA()
 *fill*         0x900016c6        0x2 
 .text._ZN10STM32F7DMAC2Ev
                0x900016c8       0x34 TouchGFX/build/STM32F7508-DK/TouchGFX/target/generated/STM32DMA.o
                0x900016c8                STM32F7DMA::STM32F7DMA()
                0x900016c8                STM32F7DMA::STM32F7DMA()
 .text._ZN8touchgfx10OSWrappers10initializeEv
                0x900016fc       0x50 TouchGFX/build/STM32F7508-DK/TouchGFX/target/generated/OSWrappers.o
                0x900016fc                touchgfx::OSWrappers::initialize()
 .text._ZN8touchgfx10OSWrappers24takeFrameBufferSemaphoreEv
                0x9000174c       0x10 TouchGFX/build/STM32F7508-DK/TouchGFX/target/generated/OSWrappers.o
                0x9000174c                touchgfx::OSWrappers::takeFrameBufferSemaphore()
 .text._ZN8touchgfx10OSWrappers24giveFrameBufferSemaphoreEv
                0x9000175c        0xc TouchGFX/build/STM32F7508-DK/TouchGFX/target/generated/OSWrappers.o
                0x9000175c                touchgfx::OSWrappers::giveFrameBufferSemaphore()
 .text._ZN8touchgfx10OSWrappers27tryTakeFrameBufferSemaphoreEv
                0x90001768       0x10 TouchGFX/build/STM32F7508-DK/TouchGFX/target/generated/OSWrappers.o
                0x90001768                touchgfx::OSWrappers::tryTakeFrameBufferSemaphore()
 .text._ZN8touchgfx10OSWrappers31giveFrameBufferSemaphoreFromISREv
                0x90001778        0x4 TouchGFX/build/STM32F7508-DK/TouchGFX/target/generated/OSWrappers.o
                0x90001778                touchgfx::OSWrappers::giveFrameBufferSemaphoreFromISR()
 .text._ZN8touchgfx10OSWrappers11signalVSyncEv
                0x9000177c       0x18 TouchGFX/build/STM32F7508-DK/TouchGFX/target/generated/OSWrappers.o
                0x9000177c                touchgfx::OSWrappers::signalVSync()
 .text._ZN8touchgfx10OSWrappers12waitForVSyncEv
                0x90001794       0x28 TouchGFX/build/STM32F7508-DK/TouchGFX/target/generated/OSWrappers.o
                0x90001794                touchgfx::OSWrappers::waitForVSync()
 .text._ZN8touchgfx10OSWrappers9taskYieldEv
                0x900017bc        0x4 TouchGFX/build/STM32F7508-DK/TouchGFX/target/generated/OSWrappers.o
                0x900017bc                touchgfx::OSWrappers::taskYield()
 .text._ZN20STM32TouchControllerD2Ev
                0x900017c0        0x2 TouchGFX/build/STM32F7508-DK/TouchGFX/target/generated/TouchGFXConfiguration.o
                0x900017c0                STM32TouchController::~STM32TouchController()
                0x900017c0                STM32TouchController::~STM32TouchController()
 .text._ZN8touchgfx8LCD16bppD2Ev
                0x900017c2        0x2 TouchGFX/build/STM32F7508-DK/TouchGFX/target/generated/TouchGFXConfiguration.o
                0x900017c2                touchgfx::LCD16bpp::~LCD16bpp()
                0x900017c2                touchgfx::LCD16bpp::~LCD16bpp()
 .text._ZN11TouchGFXHALD2Ev
                0x900017c4        0x2 TouchGFX/build/STM32F7508-DK/TouchGFX/target/generated/TouchGFXConfiguration.o
                0x900017c4                TouchGFXHAL::~TouchGFXHAL()
                0x900017c4                TouchGFXHAL::~TouchGFXHAL()
 .text._ZNK8touchgfx9PartitionINS_4meta8TypeListINS_12NoTransitionENS2_INS1_3NilES4_EEEELt1EE8capacityEv
                0x900017c6        0x4 TouchGFX/build/STM32F7508-DK/TouchGFX/target/generated/TouchGFXConfiguration.o
                0x900017c6                touchgfx::Partition<touchgfx::meta::TypeList<touchgfx::NoTransition, touchgfx::meta::TypeList<touchgfx::meta::Nil, touchgfx::meta::Nil> >, (unsigned short)1>::capacity() const
 .text._ZN8touchgfx9PartitionINS_4meta8TypeListINS_12NoTransitionENS2_INS1_3NilES4_EEEELt1EE12element_sizeEv
                0x900017ca        0x4 TouchGFX/build/STM32F7508-DK/TouchGFX/target/generated/TouchGFXConfiguration.o
                0x900017ca                touchgfx::Partition<touchgfx::meta::TypeList<touchgfx::NoTransition, touchgfx::meta::TypeList<touchgfx::meta::Nil, touchgfx::meta::Nil> >, (unsigned short)1>::element_size()
 .text._ZN8touchgfx9PartitionINS_4meta8TypeListINS_12NoTransitionENS2_INS1_3NilES4_EEEELt1EE7elementEt
                0x900017ce        0xa TouchGFX/build/STM32F7508-DK/TouchGFX/target/generated/TouchGFXConfiguration.o
                0x900017ce                touchgfx::Partition<touchgfx::meta::TypeList<touchgfx::NoTransition, touchgfx::meta::TypeList<touchgfx::meta::Nil, touchgfx::meta::Nil> >, (unsigned short)1>::element(unsigned short)
 .text._ZNK8touchgfx9PartitionINS_4meta8TypeListINS_12NoTransitionENS2_INS1_3NilES4_EEEELt1EE7elementEt
                0x900017d8        0xa TouchGFX/build/STM32F7508-DK/TouchGFX/target/generated/TouchGFXConfiguration.o
                0x900017d8                touchgfx::Partition<touchgfx::meta::TypeList<touchgfx::NoTransition, touchgfx::meta::TypeList<touchgfx::meta::Nil, touchgfx::meta::Nil> >, (unsigned short)1>::element(unsigned short) const
 .text._ZNK8touchgfx9PartitionINS_4meta8TypeListI11Screen1ViewNS2_INS1_3NilES4_EEEELt1EE8capacityEv
                0x900017e2        0x4 TouchGFX/build/STM32F7508-DK/TouchGFX/target/generated/TouchGFXConfiguration.o
                0x900017e2                touchgfx::Partition<touchgfx::meta::TypeList<Screen1View, touchgfx::meta::TypeList<touchgfx::meta::Nil, touchgfx::meta::Nil> >, (unsigned short)1>::capacity() const
 .text._ZN8touchgfx9PartitionINS_4meta8TypeListI11Screen1ViewNS2_INS1_3NilES4_EEEELt1EE12element_sizeEv
                0x900017e6        0x6 TouchGFX/build/STM32F7508-DK/TouchGFX/target/generated/TouchGFXConfiguration.o
                0x900017e6                touchgfx::Partition<touchgfx::meta::TypeList<Screen1View, touchgfx::meta::TypeList<touchgfx::meta::Nil, touchgfx::meta::Nil> >, (unsigned short)1>::element_size()
 .text._ZN8touchgfx9PartitionINS_4meta8TypeListI11Screen1ViewNS2_INS1_3NilES4_EEEELt1EE7elementEt
                0x900017ec        0xc TouchGFX/build/STM32F7508-DK/TouchGFX/target/generated/TouchGFXConfiguration.o
                0x900017ec                touchgfx::Partition<touchgfx::meta::TypeList<Screen1View, touchgfx::meta::TypeList<touchgfx::meta::Nil, touchgfx::meta::Nil> >, (unsigned short)1>::element(unsigned short)
 .text._ZNK8touchgfx9PartitionINS_4meta8TypeListI11Screen1ViewNS2_INS1_3NilES4_EEEELt1EE7elementEt
                0x900017f8        0xc TouchGFX/build/STM32F7508-DK/TouchGFX/target/generated/TouchGFXConfiguration.o
                0x900017f8                touchgfx::Partition<touchgfx::meta::TypeList<Screen1View, touchgfx::meta::TypeList<touchgfx::meta::Nil, touchgfx::meta::Nil> >, (unsigned short)1>::element(unsigned short) const
 .text._ZNK8touchgfx9PartitionINS_4meta8TypeListI16Screen1PresenterNS2_INS1_3NilES4_EEEELt1EE8capacityEv
                0x90001804        0x4 TouchGFX/build/STM32F7508-DK/TouchGFX/target/generated/TouchGFXConfiguration.o
                0x90001804                touchgfx::Partition<touchgfx::meta::TypeList<Screen1Presenter, touchgfx::meta::TypeList<touchgfx::meta::Nil, touchgfx::meta::Nil> >, (unsigned short)1>::capacity() const
 .text._ZN8touchgfx9PartitionINS_4meta8TypeListI16Screen1PresenterNS2_INS1_3NilES4_EEEELt1EE12element_sizeEv
                0x90001808        0x4 TouchGFX/build/STM32F7508-DK/TouchGFX/target/generated/TouchGFXConfiguration.o
                0x90001808                touchgfx::Partition<touchgfx::meta::TypeList<Screen1Presenter, touchgfx::meta::TypeList<touchgfx::meta::Nil, touchgfx::meta::Nil> >, (unsigned short)1>::element_size()
 .text._ZN8touchgfx9PartitionINS_4meta8TypeListI16Screen1PresenterNS2_INS1_3NilES4_EEEELt1EE7elementEt
                0x9000180c        0x8 TouchGFX/build/STM32F7508-DK/TouchGFX/target/generated/TouchGFXConfiguration.o
                0x9000180c                touchgfx::Partition<touchgfx::meta::TypeList<Screen1Presenter, touchgfx::meta::TypeList<touchgfx::meta::Nil, touchgfx::meta::Nil> >, (unsigned short)1>::element(unsigned short)
 .text._ZNK8touchgfx9PartitionINS_4meta8TypeListI16Screen1PresenterNS2_INS1_3NilES4_EEEELt1EE7elementEt
                0x90001814        0x8 TouchGFX/build/STM32F7508-DK/TouchGFX/target/generated/TouchGFXConfiguration.o
                0x90001814                touchgfx::Partition<touchgfx::meta::TypeList<Screen1Presenter, touchgfx::meta::TypeList<touchgfx::meta::Nil, touchgfx::meta::Nil> >, (unsigned short)1>::element(unsigned short) const
 .text._ZN16FrontendHeapBase15gotoStartScreenER19FrontendApplication
                0x9000181c        0x6 TouchGFX/build/STM32F7508-DK/TouchGFX/target/generated/TouchGFXConfiguration.o
                0x9000181c                FrontendHeapBase::gotoStartScreen(FrontendApplication&)
 *fill*         0x90001822        0x2 
 .text._ZN8touchgfx9PartitionINS_4meta8TypeListINS_12NoTransitionENS2_INS1_3NilES4_EEEELt1EED2Ev
                0x90001824       0x14 TouchGFX/build/STM32F7508-DK/TouchGFX/target/generated/TouchGFXConfiguration.o
                0x90001824                touchgfx::Partition<touchgfx::meta::TypeList<touchgfx::NoTransition, touchgfx::meta::TypeList<touchgfx::meta::Nil, touchgfx::meta::Nil> >, (unsigned short)1>::~Partition()
                0x90001824                touchgfx::Partition<touchgfx::meta::TypeList<touchgfx::NoTransition, touchgfx::meta::TypeList<touchgfx::meta::Nil, touchgfx::meta::Nil> >, (unsigned short)1>::~Partition()
 .text._ZN8touchgfx9PartitionINS_4meta8TypeListINS_12NoTransitionENS2_INS1_3NilES4_EEEELt1EED0Ev
                0x90001838       0x14 TouchGFX/build/STM32F7508-DK/TouchGFX/target/generated/TouchGFXConfiguration.o
                0x90001838                touchgfx::Partition<touchgfx::meta::TypeList<touchgfx::NoTransition, touchgfx::meta::TypeList<touchgfx::meta::Nil, touchgfx::meta::Nil> >, (unsigned short)1>::~Partition()
 .text._ZN8touchgfx9PartitionINS_4meta8TypeListI11Screen1ViewNS2_INS1_3NilES4_EEEELt1EED2Ev
                0x9000184c       0x14 TouchGFX/build/STM32F7508-DK/TouchGFX/target/generated/TouchGFXConfiguration.o
                0x9000184c                touchgfx::Partition<touchgfx::meta::TypeList<Screen1View, touchgfx::meta::TypeList<touchgfx::meta::Nil, touchgfx::meta::Nil> >, (unsigned short)1>::~Partition()
                0x9000184c                touchgfx::Partition<touchgfx::meta::TypeList<Screen1View, touchgfx::meta::TypeList<touchgfx::meta::Nil, touchgfx::meta::Nil> >, (unsigned short)1>::~Partition()
 .text._ZN8touchgfx9PartitionINS_4meta8TypeListI11Screen1ViewNS2_INS1_3NilES4_EEEELt1EED0Ev
                0x90001860       0x16 TouchGFX/build/STM32F7508-DK/TouchGFX/target/generated/TouchGFXConfiguration.o
                0x90001860                touchgfx::Partition<touchgfx::meta::TypeList<Screen1View, touchgfx::meta::TypeList<touchgfx::meta::Nil, touchgfx::meta::Nil> >, (unsigned short)1>::~Partition()
 *fill*         0x90001876        0x2 
 .text._ZN8touchgfx9PartitionINS_4meta8TypeListI16Screen1PresenterNS2_INS1_3NilES4_EEEELt1EED2Ev
                0x90001878       0x14 TouchGFX/build/STM32F7508-DK/TouchGFX/target/generated/TouchGFXConfiguration.o
                0x90001878                touchgfx::Partition<touchgfx::meta::TypeList<Screen1Presenter, touchgfx::meta::TypeList<touchgfx::meta::Nil, touchgfx::meta::Nil> >, (unsigned short)1>::~Partition()
                0x90001878                touchgfx::Partition<touchgfx::meta::TypeList<Screen1Presenter, touchgfx::meta::TypeList<touchgfx::meta::Nil, touchgfx::meta::Nil> >, (unsigned short)1>::~Partition()
 .text._ZN8touchgfx9PartitionINS_4meta8TypeListI16Screen1PresenterNS2_INS1_3NilES4_EEEELt1EED0Ev
                0x9000188c       0x14 TouchGFX/build/STM32F7508-DK/TouchGFX/target/generated/TouchGFXConfiguration.o
                0x9000188c                touchgfx::Partition<touchgfx::meta::TypeList<Screen1Presenter, touchgfx::meta::TypeList<touchgfx::meta::Nil, touchgfx::meta::Nil> >, (unsigned short)1>::~Partition()
 .text._ZN12FrontendHeapD2Ev
                0x900018a0       0x28 TouchGFX/build/STM32F7508-DK/TouchGFX/target/generated/TouchGFXConfiguration.o
                0x900018a0                FrontendHeap::~FrontendHeap()
                0x900018a0                FrontendHeap::~FrontendHeap()
 .text._ZN12FrontendHeapD0Ev
                0x900018c8       0x16 TouchGFX/build/STM32F7508-DK/TouchGFX/target/generated/TouchGFXConfiguration.o
                0x900018c8                FrontendHeap::~FrontendHeap()
 *fill*         0x900018de        0x2 
 .text.touchgfx_init
                0x900018e0       0xec TouchGFX/build/STM32F7508-DK/TouchGFX/target/generated/TouchGFXConfiguration.o
                0x900018e0                touchgfx_init
 .text.touchgfx_taskEntry
                0x900019cc        0xc TouchGFX/build/STM32F7508-DK/TouchGFX/target/generated/TouchGFXConfiguration.o
                0x900019cc                touchgfx_taskEntry
 .text._ZN20STM32TouchControllerD0Ev
                0x900019d8        0xe TouchGFX/build/STM32F7508-DK/TouchGFX/target/generated/TouchGFXConfiguration.o
                0x900019d8                STM32TouchController::~STM32TouchController()
 .text._ZN8touchgfx8LCD16bppD0Ev
                0x900019e6        0xe TouchGFX/build/STM32F7508-DK/TouchGFX/target/generated/TouchGFXConfiguration.o
                0x900019e6                touchgfx::LCD16bpp::~LCD16bpp()
 .text._ZN11TouchGFXHALD0Ev
                0x900019f4        0xe TouchGFX/build/STM32F7508-DK/TouchGFX/target/generated/TouchGFXConfiguration.o
                0x900019f4                TouchGFXHAL::~TouchGFXHAL()
 *fill*         0x90001a02        0x2 
 .text.startup._GLOBAL__sub_I_touchgfx_init
                0x90001a04      0x13c TouchGFX/build/STM32F7508-DK/TouchGFX/target/generated/TouchGFXConfiguration.o
 .text._ZN8touchgfx25CortexMMCUInstrumentationD2Ev
                0x90001b40        0x2 TouchGFX/build/STM32F7508-DK/TouchGFX/target/TouchGFXHAL.o
                0x90001b40                touchgfx::CortexMMCUInstrumentation::~CortexMMCUInstrumentation()
                0x90001b40                touchgfx::CortexMMCUInstrumentation::~CortexMMCUInstrumentation()
 *fill*         0x90001b42        0x2 
 .text._ZN11TouchGFXHAL10initializeEv
                0x90001b44       0x44 TouchGFX/build/STM32F7508-DK/TouchGFX/target/TouchGFXHAL.o
                0x90001b44                TouchGFXHAL::initialize()
 .text._ZN11TouchGFXHAL9taskEntryEv
                0x90001b88       0x48 TouchGFX/build/STM32F7508-DK/TouchGFX/target/TouchGFXHAL.o
                0x90001b88                TouchGFXHAL::taskEntry()
 .text._ZNK11TouchGFXHAL17getTFTFrameBufferEv
                0x90001bd0        0x4 TouchGFX/build/STM32F7508-DK/TouchGFX/target/TouchGFXHAL.o
                0x90001bd0                TouchGFXHAL::getTFTFrameBuffer() const
 .text._ZN11TouchGFXHAL17setTFTFrameBufferEPt
                0x90001bd4        0x4 TouchGFX/build/STM32F7508-DK/TouchGFX/target/TouchGFXHAL.o
                0x90001bd4                TouchGFXHAL::setTFTFrameBuffer(unsigned short*)
 .text._ZN11TouchGFXHAL16flushFrameBufferERKN8touchgfx4RectE
                0x90001bd8       0x58 TouchGFX/build/STM32F7508-DK/TouchGFX/target/TouchGFXHAL.o
                0x90001bd8                TouchGFXHAL::flushFrameBuffer(touchgfx::Rect const&)
 .text._ZN11TouchGFXHAL19configureInterruptsEv
                0x90001c30        0x4 TouchGFX/build/STM32F7508-DK/TouchGFX/target/TouchGFXHAL.o
                0x90001c30                TouchGFXHAL::configureInterrupts()
 .text._ZN11TouchGFXHAL16enableInterruptsEv
                0x90001c34        0x4 TouchGFX/build/STM32F7508-DK/TouchGFX/target/TouchGFXHAL.o
                0x90001c34                TouchGFXHAL::enableInterrupts()
 .text._ZN11TouchGFXHAL17disableInterruptsEv
                0x90001c38        0x4 TouchGFX/build/STM32F7508-DK/TouchGFX/target/TouchGFXHAL.o
                0x90001c38                TouchGFXHAL::disableInterrupts()
 .text._ZN11TouchGFXHAL28enableLCDControllerInterruptEv
                0x90001c3c        0x4 TouchGFX/build/STM32F7508-DK/TouchGFX/target/TouchGFXHAL.o
                0x90001c3c                TouchGFXHAL::enableLCDControllerInterrupt()
 .text._ZN11TouchGFXHAL16flushFrameBufferEv
                0x90001c40        0x4 TouchGFX/build/STM32F7508-DK/TouchGFX/target/TouchGFXHAL.o
                0x90001c40                TouchGFXHAL::flushFrameBuffer()
 .text._ZN8touchgfx25CortexMMCUInstrumentationD0Ev
                0x90001c44        0xe TouchGFX/build/STM32F7508-DK/TouchGFX/target/TouchGFXHAL.o
                0x90001c44                touchgfx::CortexMMCUInstrumentation::~CortexMMCUInstrumentation()
 *fill*         0x90001c52        0x2 
 .text.startup._GLOBAL__sub_I_instrumentation
                0x90001c54       0x24 TouchGFX/build/STM32F7508-DK/TouchGFX/target/TouchGFXHAL.o
 .text._ZN8touchgfx4GPIO4initEv
                0x90001c78        0x2 TouchGFX/build/STM32F7508-DK/TouchGFX/target/TouchGFXGPIO.o
                0x90001c78                touchgfx::GPIO::init()
 .text._ZN8touchgfx4GPIO3setENS0_7GPIO_IDE
                0x90001c7a        0x2 TouchGFX/build/STM32F7508-DK/TouchGFX/target/TouchGFXGPIO.o
                0x90001c7a                touchgfx::GPIO::set(touchgfx::GPIO::GPIO_ID)
 .text._ZN8touchgfx4GPIO5clearENS0_7GPIO_IDE
                0x90001c7c        0x2 TouchGFX/build/STM32F7508-DK/TouchGFX/target/TouchGFXGPIO.o
                0x90001c7c                touchgfx::GPIO::clear(touchgfx::GPIO::GPIO_ID)
 .text._ZN8touchgfx4GPIO6toggleENS0_7GPIO_IDE
                0x90001c7e        0x2 TouchGFX/build/STM32F7508-DK/TouchGFX/target/TouchGFXGPIO.o
                0x90001c7e                touchgfx::GPIO::toggle(touchgfx::GPIO::GPIO_ID)
 .text._ZN20STM32TouchController11sampleTouchERlS0_
                0x90001c80       0x30 TouchGFX/build/STM32F7508-DK/TouchGFX/target/STM32TouchController.o
                0x90001c80                STM32TouchController::sampleTouch(long&, long&)
 .text._ZN20STM32TouchController4initEv
                0x90001cb0       0x2c TouchGFX/build/STM32F7508-DK/TouchGFX/target/STM32TouchController.o
                0x90001cb0                STM32TouchController::init()
 .text._ZN8touchgfx18MCUInstrumentation13getCCConsumedEv
                0x90001cdc        0x4 TouchGFX/build/STM32F7508-DK/TouchGFX/target/CortexMMCUInstrumentation.o
                0x90001cdc                touchgfx::MCUInstrumentation::getCCConsumed()
 .text._ZN8touchgfx18MCUInstrumentation13setCCConsumedEm
                0x90001ce0        0x4 TouchGFX/build/STM32F7508-DK/TouchGFX/target/CortexMMCUInstrumentation.o
                0x90001ce0                touchgfx::MCUInstrumentation::setCCConsumed(unsigned long)
 .text._ZN8touchgfx25CortexMMCUInstrumentation4initEv
                0x90001ce4       0x30 TouchGFX/build/STM32F7508-DK/TouchGFX/target/CortexMMCUInstrumentation.o
                0x90001ce4                touchgfx::CortexMMCUInstrumentation::init()
 .text._ZN8touchgfx25CortexMMCUInstrumentation12getElapsedUSEjjj
                0x90001d14        0xc TouchGFX/build/STM32F7508-DK/TouchGFX/target/CortexMMCUInstrumentation.o
                0x90001d14                touchgfx::CortexMMCUInstrumentation::getElapsedUS(unsigned int, unsigned int, unsigned int)
 .text._ZN8touchgfx25CortexMMCUInstrumentation12getCPUCyclesEv
                0x90001d20        0xc TouchGFX/build/STM32F7508-DK/TouchGFX/target/CortexMMCUInstrumentation.o
                0x90001d20                touchgfx::CortexMMCUInstrumentation::getCPUCycles()
 .text._ZN8touchgfx25CortexMMCUInstrumentation12setMCUActiveEb
                0x90001d2c       0x1e TouchGFX/build/STM32F7508-DK/TouchGFX/target/CortexMMCUInstrumentation.o
                0x90001d2c                touchgfx::CortexMMCUInstrumentation::setMCUActive(bool)
 *fill*         0x90001d4a        0x2 
 .text.SystemInit
                0x90001d4c       0x60 TouchGFX/build/STM32F7508-DK/Core/Src/system_stm32f7xx.o
                0x90001d4c                SystemInit
 .text.StartDefaultTask
                0x90001dac        0xa TouchGFX/build/STM32F7508-DK/Core/Src/main.o
                0x90001dac                StartDefaultTask
 *fill*         0x90001db6        0x2 
 .text.SystemClock_Config
                0x90001db8       0xcc TouchGFX/build/STM32F7508-DK/Core/Src/main.o
                0x90001db8                SystemClock_Config
 .text.startup.main
                0x90001e84      0x418 TouchGFX/build/STM32F7508-DK/Core/Src/main.o
                0x90001e84                main
 .text.HAL_TIM_PeriodElapsedCallback
                0x9000229c       0x14 TouchGFX/build/STM32F7508-DK/Core/Src/main.o
                0x9000229c                HAL_TIM_PeriodElapsedCallback
 .text.HAL_InitTick
                0x900022b0       0x78 TouchGFX/build/STM32F7508-DK/Core/Src/stm32f7xx_hal_timebase_tim.o
                0x900022b0                HAL_InitTick
 .text.HAL_MspInit
                0x90002328       0x3c TouchGFX/build/STM32F7508-DK/Core/Src/stm32f7xx_hal_msp.o
                0x90002328                HAL_MspInit
 .text.HAL_CRC_MspInit
                0x90002364       0x2c TouchGFX/build/STM32F7508-DK/Core/Src/stm32f7xx_hal_msp.o
                0x90002364                HAL_CRC_MspInit
 .text.HAL_DMA2D_MspInit
                0x90002390       0x40 TouchGFX/build/STM32F7508-DK/Core/Src/stm32f7xx_hal_msp.o
                0x90002390                HAL_DMA2D_MspInit
 .text.HAL_LTDC_MspInit
                0x900023d0      0x124 TouchGFX/build/STM32F7508-DK/Core/Src/stm32f7xx_hal_msp.o
                0x900023d0                HAL_LTDC_MspInit
 .text.HAL_UART_MspInit
                0x900024f4       0x94 TouchGFX/build/STM32F7508-DK/Core/Src/stm32f7xx_hal_msp.o
                0x900024f4                HAL_UART_MspInit
 .text.HAL_SDRAM_MspInit
                0x90002588       0xd8 TouchGFX/build/STM32F7508-DK/Core/Src/stm32f7xx_hal_msp.o
                0x90002588                HAL_SDRAM_MspInit
 .text.HAL_SDRAM_MspDeInit
                0x90002660       0x74 TouchGFX/build/STM32F7508-DK/Core/Src/stm32f7xx_hal_msp.o
                0x90002660                HAL_SDRAM_MspDeInit
 .text.vApplicationIdleHook
                0x900026d4        0x2 TouchGFX/build/STM32F7508-DK/Core/Src/freertos.o
                0x900026d4                vApplicationIdleHook
 .text.NMI_Handler
                0x900026d6        0x2 TouchGFX/build/STM32F7508-DK/Core/Src/stm32f7xx_it.o
                0x900026d6                NMI_Handler
 .text.HardFault_Handler
                0x900026d8        0x2 TouchGFX/build/STM32F7508-DK/Core/Src/stm32f7xx_it.o
                0x900026d8                HardFault_Handler
 .text.MemManage_Handler
                0x900026da        0x2 TouchGFX/build/STM32F7508-DK/Core/Src/stm32f7xx_it.o
                0x900026da                MemManage_Handler
 .text.BusFault_Handler
                0x900026dc        0x2 TouchGFX/build/STM32F7508-DK/Core/Src/stm32f7xx_it.o
                0x900026dc                BusFault_Handler
 .text.UsageFault_Handler
                0x900026de        0x2 TouchGFX/build/STM32F7508-DK/Core/Src/stm32f7xx_it.o
                0x900026de                UsageFault_Handler
 .text.DebugMon_Handler
                0x900026e0        0x2 TouchGFX/build/STM32F7508-DK/Core/Src/stm32f7xx_it.o
                0x900026e0                DebugMon_Handler
 *fill*         0x900026e2        0x2 
 .text.TIM6_DAC_IRQHandler
                0x900026e4        0xc TouchGFX/build/STM32F7508-DK/Core/Src/stm32f7xx_it.o
                0x900026e4                TIM6_DAC_IRQHandler
 .text.LTDC_IRQHandler
                0x900026f0        0xc TouchGFX/build/STM32F7508-DK/Core/Src/stm32f7xx_it.o
                0x900026f0                LTDC_IRQHandler
 .text.DMA2D_IRQHandler
                0x900026fc        0xc TouchGFX/build/STM32F7508-DK/Core/Src/stm32f7xx_it.o
                0x900026fc                DMA2D_IRQHandler
 .text.HAL_Init
                0x90002708       0x2c TouchGFX/build/STM32F7508-DK/Drivers/STM32F7xx_HAL_Driver/Src/stm32f7xx_hal.o
                0x90002708                HAL_Init
 .text.HAL_IncTick
                0x90002734       0x18 TouchGFX/build/STM32F7508-DK/Drivers/STM32F7xx_HAL_Driver/Src/stm32f7xx_hal.o
                0x90002734                HAL_IncTick
 .text.HAL_GetTick
                0x9000274c        0xc TouchGFX/build/STM32F7508-DK/Drivers/STM32F7xx_HAL_Driver/Src/stm32f7xx_hal.o
                0x9000274c                HAL_GetTick
 .text.HAL_Delay
                0x90002758       0x24 TouchGFX/build/STM32F7508-DK/Drivers/STM32F7xx_HAL_Driver/Src/stm32f7xx_hal.o
                0x90002758                HAL_Delay
 .text.UART_SetConfig
                0x9000277c      0x268 TouchGFX/build/STM32F7508-DK/Drivers/STM32F7xx_HAL_Driver/Src/stm32f7xx_hal_uart.o
                0x9000277c                UART_SetConfig
 .text.UART_AdvFeatureConfig
                0x900029e4       0xb8 TouchGFX/build/STM32F7508-DK/Drivers/STM32F7xx_HAL_Driver/Src/stm32f7xx_hal_uart.o
                0x900029e4                UART_AdvFeatureConfig
 .text.UART_WaitOnFlagUntilTimeout
                0x90002a9c       0x8c TouchGFX/build/STM32F7508-DK/Drivers/STM32F7xx_HAL_Driver/Src/stm32f7xx_hal_uart.o
                0x90002a9c                UART_WaitOnFlagUntilTimeout
 .text.UART_CheckIdleState
                0x90002b28       0x44 TouchGFX/build/STM32F7508-DK/Drivers/STM32F7xx_HAL_Driver/Src/stm32f7xx_hal_uart.o
                0x90002b28                UART_CheckIdleState
 .text.HAL_UART_Init
                0x90002b6c       0x60 TouchGFX/build/STM32F7508-DK/Drivers/STM32F7xx_HAL_Driver/Src/stm32f7xx_hal_uart.o
                0x90002b6c                HAL_UART_Init
 .text.HAL_RCCEx_PeriphCLKConfig
                0x90002bcc      0x548 TouchGFX/build/STM32F7508-DK/Drivers/STM32F7xx_HAL_Driver/Src/stm32f7xx_hal_rcc_ex.o
                0x90002bcc                HAL_RCCEx_PeriphCLKConfig
 .text.HAL_CRC_Init
                0x90003114       0x78 TouchGFX/build/STM32F7508-DK/Drivers/STM32F7xx_HAL_Driver/Src/stm32f7xx_hal_crc.o
                0x90003114                HAL_CRC_Init
 .text.LTDC_SetConfig
                0x9000318c      0x148 TouchGFX/build/STM32F7508-DK/Drivers/STM32F7xx_HAL_Driver/Src/stm32f7xx_hal_ltdc.o
 .text.HAL_LTDC_Init
                0x900032d4       0xf4 TouchGFX/build/STM32F7508-DK/Drivers/STM32F7xx_HAL_Driver/Src/stm32f7xx_hal_ltdc.o
                0x900032d4                HAL_LTDC_Init
 .text.HAL_LTDC_ErrorCallback
                0x900033c8        0x2 TouchGFX/build/STM32F7508-DK/Drivers/STM32F7xx_HAL_Driver/Src/stm32f7xx_hal_ltdc.o
                0x900033c8                HAL_LTDC_ErrorCallback
 .text.HAL_LTDC_ReloadEventCallback
                0x900033ca        0x2 TouchGFX/build/STM32F7508-DK/Drivers/STM32F7xx_HAL_Driver/Src/stm32f7xx_hal_ltdc.o
                0x900033ca                HAL_LTDC_ReloadEventCallback
 .text.HAL_LTDC_IRQHandler
                0x900033cc       0xc2 TouchGFX/build/STM32F7508-DK/Drivers/STM32F7xx_HAL_Driver/Src/stm32f7xx_hal_ltdc.o
                0x900033cc                HAL_LTDC_IRQHandler
 .text.HAL_LTDC_ConfigLayer
                0x9000348e       0x52 TouchGFX/build/STM32F7508-DK/Drivers/STM32F7xx_HAL_Driver/Src/stm32f7xx_hal_ltdc.o
                0x9000348e                HAL_LTDC_ConfigLayer
 .text.HAL_LTDC_ProgramLineEvent
                0x900034e0       0x40 TouchGFX/build/STM32F7508-DK/Drivers/STM32F7xx_HAL_Driver/Src/stm32f7xx_hal_ltdc.o
                0x900034e0                HAL_LTDC_ProgramLineEvent
 .text.HAL_PWREx_EnableOverDrive
                0x90003520       0x70 TouchGFX/build/STM32F7508-DK/Drivers/STM32F7xx_HAL_Driver/Src/stm32f7xx_hal_pwr_ex.o
                0x90003520                HAL_PWREx_EnableOverDrive
 .text.HAL_SDRAM_Init
                0x90003590       0x40 TouchGFX/build/STM32F7508-DK/Drivers/STM32F7xx_HAL_Driver/Src/stm32f7xx_hal_sdram.o
                0x90003590                HAL_SDRAM_Init
 .text.HAL_SDRAM_DeInit
                0x900035d0       0x1c TouchGFX/build/STM32F7508-DK/Drivers/STM32F7xx_HAL_Driver/Src/stm32f7xx_hal_sdram.o
                0x900035d0                HAL_SDRAM_DeInit
 .text.HAL_SDRAM_SendCommand
                0x900035ec       0x2e TouchGFX/build/STM32F7508-DK/Drivers/STM32F7xx_HAL_Driver/Src/stm32f7xx_hal_sdram.o
                0x900035ec                HAL_SDRAM_SendCommand
 .text.HAL_SDRAM_ProgramRefreshRate
                0x9000361a       0x24 TouchGFX/build/STM32F7508-DK/Drivers/STM32F7xx_HAL_Driver/Src/stm32f7xx_hal_sdram.o
                0x9000361a                HAL_SDRAM_ProgramRefreshRate
 *fill*         0x9000363e        0x2 
 .text.HAL_RCC_OscConfig
                0x90003640      0x368 TouchGFX/build/STM32F7508-DK/Drivers/STM32F7xx_HAL_Driver/Src/stm32f7xx_hal_rcc.o
                0x90003640                HAL_RCC_OscConfig
 .text.HAL_RCC_GetSysClockFreq
                0x900039a8       0x5c TouchGFX/build/STM32F7508-DK/Drivers/STM32F7xx_HAL_Driver/Src/stm32f7xx_hal_rcc.o
                0x900039a8                HAL_RCC_GetSysClockFreq
 .text.HAL_RCC_ClockConfig
                0x90003a04      0x144 TouchGFX/build/STM32F7508-DK/Drivers/STM32F7xx_HAL_Driver/Src/stm32f7xx_hal_rcc.o
                0x90003a04                HAL_RCC_ClockConfig
 .text.HAL_RCC_GetPCLK1Freq
                0x90003b48       0x20 TouchGFX/build/STM32F7508-DK/Drivers/STM32F7xx_HAL_Driver/Src/stm32f7xx_hal_rcc.o
                0x90003b48                HAL_RCC_GetPCLK1Freq
 .text.HAL_RCC_GetPCLK2Freq
                0x90003b68       0x20 TouchGFX/build/STM32F7508-DK/Drivers/STM32F7xx_HAL_Driver/Src/stm32f7xx_hal_rcc.o
                0x90003b68                HAL_RCC_GetPCLK2Freq
 .text.HAL_RCC_GetClockConfig
                0x90003b88       0x3c TouchGFX/build/STM32F7508-DK/Drivers/STM32F7xx_HAL_Driver/Src/stm32f7xx_hal_rcc.o
                0x90003b88                HAL_RCC_GetClockConfig
 .text.I2C_Flush_TXDR
                0x90003bc4       0x1e TouchGFX/build/STM32F7508-DK/Drivers/STM32F7xx_HAL_Driver/Src/stm32f7xx_hal_i2c.o
 *fill*         0x90003be2        0x2 
 .text.I2C_TransferConfig
                0x90003be4       0x28 TouchGFX/build/STM32F7508-DK/Drivers/STM32F7xx_HAL_Driver/Src/stm32f7xx_hal_i2c.o
 .text.I2C_IsAcknowledgeFailed
                0x90003c0c       0x7c TouchGFX/build/STM32F7508-DK/Drivers/STM32F7xx_HAL_Driver/Src/stm32f7xx_hal_i2c.o
 .text.I2C_WaitOnSTOPFlagUntilTimeout
                0x90003c88       0x4a TouchGFX/build/STM32F7508-DK/Drivers/STM32F7xx_HAL_Driver/Src/stm32f7xx_hal_i2c.o
 .text.I2C_WaitOnFlagUntilTimeout
                0x90003cd2       0x54 TouchGFX/build/STM32F7508-DK/Drivers/STM32F7xx_HAL_Driver/Src/stm32f7xx_hal_i2c.o
 .text.I2C_WaitOnTXISFlagUntilTimeout
                0x90003d26       0x4e TouchGFX/build/STM32F7508-DK/Drivers/STM32F7xx_HAL_Driver/Src/stm32f7xx_hal_i2c.o
 .text.I2C_RequestMemoryWrite
                0x90003d74       0x64 TouchGFX/build/STM32F7508-DK/Drivers/STM32F7xx_HAL_Driver/Src/stm32f7xx_hal_i2c.o
 .text.I2C_RequestMemoryRead
                0x90003dd8       0x64 TouchGFX/build/STM32F7508-DK/Drivers/STM32F7xx_HAL_Driver/Src/stm32f7xx_hal_i2c.o
 .text.HAL_I2C_MspInit
                0x90003e3c        0x2 TouchGFX/build/STM32F7508-DK/Drivers/STM32F7xx_HAL_Driver/Src/stm32f7xx_hal_i2c.o
                0x90003e3c                HAL_I2C_MspInit
 .text.HAL_I2C_Init
                0x90003e3e       0xb2 TouchGFX/build/STM32F7508-DK/Drivers/STM32F7xx_HAL_Driver/Src/stm32f7xx_hal_i2c.o
                0x90003e3e                HAL_I2C_Init
 .text.HAL_I2C_MspDeInit
                0x90003ef0        0x2 TouchGFX/build/STM32F7508-DK/Drivers/STM32F7xx_HAL_Driver/Src/stm32f7xx_hal_i2c.o
                0x90003ef0                HAL_I2C_MspDeInit
 .text.HAL_I2C_DeInit
                0x90003ef2       0x32 TouchGFX/build/STM32F7508-DK/Drivers/STM32F7xx_HAL_Driver/Src/stm32f7xx_hal_i2c.o
                0x90003ef2                HAL_I2C_DeInit
 .text.HAL_I2C_Mem_Write
                0x90003f24      0x16c TouchGFX/build/STM32F7508-DK/Drivers/STM32F7xx_HAL_Driver/Src/stm32f7xx_hal_i2c.o
                0x90003f24                HAL_I2C_Mem_Write
 .text.HAL_I2C_Mem_Read
                0x90004090      0x178 TouchGFX/build/STM32F7508-DK/Drivers/STM32F7xx_HAL_Driver/Src/stm32f7xx_hal_i2c.o
                0x90004090                HAL_I2C_Mem_Read
 .text.HAL_I2C_GetState
                0x90004208        0x6 TouchGFX/build/STM32F7508-DK/Drivers/STM32F7xx_HAL_Driver/Src/stm32f7xx_hal_i2c.o
                0x90004208                HAL_I2C_GetState
 *fill*         0x9000420e        0x2 
 .text.DMA_CalcBaseAndBitshift
                0x90004210       0x2c TouchGFX/build/STM32F7508-DK/Drivers/STM32F7xx_HAL_Driver/Src/stm32f7xx_hal_dma.o
 .text.HAL_DMA_Init
                0x9000423c      0x104 TouchGFX/build/STM32F7508-DK/Drivers/STM32F7xx_HAL_Driver/Src/stm32f7xx_hal_dma.o
                0x9000423c                HAL_DMA_Init
 .text.HAL_DMA_DeInit
                0x90004340       0x60 TouchGFX/build/STM32F7508-DK/Drivers/STM32F7xx_HAL_Driver/Src/stm32f7xx_hal_dma.o
                0x90004340                HAL_DMA_DeInit
 .text.HAL_TIMEx_CommutCallback
                0x900043a0        0x2 TouchGFX/build/STM32F7508-DK/Drivers/STM32F7xx_HAL_Driver/Src/stm32f7xx_hal_tim_ex.o
                0x900043a0                HAL_TIMEx_CommutCallback
 .text.HAL_TIMEx_BreakCallback
                0x900043a2        0x2 TouchGFX/build/STM32F7508-DK/Drivers/STM32F7xx_HAL_Driver/Src/stm32f7xx_hal_tim_ex.o
                0x900043a2                HAL_TIMEx_BreakCallback
 .text.HAL_TIMEx_Break2Callback
                0x900043a4        0x2 TouchGFX/build/STM32F7508-DK/Drivers/STM32F7xx_HAL_Driver/Src/stm32f7xx_hal_tim_ex.o
                0x900043a4                HAL_TIMEx_Break2Callback
 *fill*         0x900043a6        0x2 
 .text.HAL_NVIC_SetPriorityGrouping
                0x900043a8       0x24 TouchGFX/build/STM32F7508-DK/Drivers/STM32F7xx_HAL_Driver/Src/stm32f7xx_hal_cortex.o
                0x900043a8                HAL_NVIC_SetPriorityGrouping
 .text.HAL_NVIC_SetPriority
                0x900043cc       0x64 TouchGFX/build/STM32F7508-DK/Drivers/STM32F7xx_HAL_Driver/Src/stm32f7xx_hal_cortex.o
                0x900043cc                HAL_NVIC_SetPriority
 .text.HAL_NVIC_EnableIRQ
                0x90004430       0x1c TouchGFX/build/STM32F7508-DK/Drivers/STM32F7xx_HAL_Driver/Src/stm32f7xx_hal_cortex.o
                0x90004430                HAL_NVIC_EnableIRQ
 .text.HAL_NVIC_DisableIRQ
                0x9000444c       0x28 TouchGFX/build/STM32F7508-DK/Drivers/STM32F7xx_HAL_Driver/Src/stm32f7xx_hal_cortex.o
                0x9000444c                HAL_NVIC_DisableIRQ
 .text.HAL_MPU_Disable
                0x90004474       0x20 TouchGFX/build/STM32F7508-DK/Drivers/STM32F7xx_HAL_Driver/Src/stm32f7xx_hal_cortex.o
                0x90004474                HAL_MPU_Disable
 .text.HAL_MPU_Enable
                0x90004494       0x24 TouchGFX/build/STM32F7508-DK/Drivers/STM32F7xx_HAL_Driver/Src/stm32f7xx_hal_cortex.o
                0x90004494                HAL_MPU_Enable
 .text.HAL_MPU_ConfigRegion
                0x900044b8       0x4c TouchGFX/build/STM32F7508-DK/Drivers/STM32F7xx_HAL_Driver/Src/stm32f7xx_hal_cortex.o
                0x900044b8                HAL_MPU_ConfigRegion
 .text.FMC_SDRAM_Init
                0x90004504       0x6c TouchGFX/build/STM32F7508-DK/Drivers/STM32F7xx_HAL_Driver/Src/stm32f7xx_ll_fmc.o
                0x90004504                FMC_SDRAM_Init
 .text.FMC_SDRAM_Timing_Init
                0x90004570       0x88 TouchGFX/build/STM32F7508-DK/Drivers/STM32F7xx_HAL_Driver/Src/stm32f7xx_ll_fmc.o
                0x90004570                FMC_SDRAM_Timing_Init
 .text.FMC_SDRAM_DeInit
                0x900045f8       0x1e TouchGFX/build/STM32F7508-DK/Drivers/STM32F7xx_HAL_Driver/Src/stm32f7xx_ll_fmc.o
                0x900045f8                FMC_SDRAM_DeInit
 .text.FMC_SDRAM_SendCommand
                0x90004616       0x24 TouchGFX/build/STM32F7508-DK/Drivers/STM32F7xx_HAL_Driver/Src/stm32f7xx_ll_fmc.o
                0x90004616                FMC_SDRAM_SendCommand
 .text.FMC_SDRAM_ProgramRefreshRate
                0x9000463a        0xc TouchGFX/build/STM32F7508-DK/Drivers/STM32F7xx_HAL_Driver/Src/stm32f7xx_ll_fmc.o
                0x9000463a                FMC_SDRAM_ProgramRefreshRate
 *fill*         0x90004646        0x2 
 .text.HAL_GPIO_Init
                0x90004648      0x1c4 TouchGFX/build/STM32F7508-DK/Drivers/STM32F7xx_HAL_Driver/Src/stm32f7xx_hal_gpio.o
                0x90004648                HAL_GPIO_Init
 .text.HAL_GPIO_DeInit
                0x9000480c      0x134 TouchGFX/build/STM32F7508-DK/Drivers/STM32F7xx_HAL_Driver/Src/stm32f7xx_hal_gpio.o
                0x9000480c                HAL_GPIO_DeInit
 .text.HAL_GPIO_WritePin
                0x90004940        0xa TouchGFX/build/STM32F7508-DK/Drivers/STM32F7xx_HAL_Driver/Src/stm32f7xx_hal_gpio.o
                0x90004940                HAL_GPIO_WritePin
 .text.HAL_GPIO_TogglePin
                0x9000494a       0x12 TouchGFX/build/STM32F7508-DK/Drivers/STM32F7xx_HAL_Driver/Src/stm32f7xx_hal_gpio.o
                0x9000494a                HAL_GPIO_TogglePin
 .text.HAL_DMA2D_Init
                0x9000495c       0x5c TouchGFX/build/STM32F7508-DK/Drivers/STM32F7xx_HAL_Driver/Src/stm32f7xx_hal_dma2d.o
                0x9000495c                HAL_DMA2D_Init
 .text.HAL_DMA2D_LineEventCallback
                0x900049b8        0x2 TouchGFX/build/STM32F7508-DK/Drivers/STM32F7xx_HAL_Driver/Src/stm32f7xx_hal_dma2d.o
                0x900049b8                HAL_DMA2D_LineEventCallback
 .text.HAL_DMA2D_CLUTLoadingCpltCallback
                0x900049ba        0x2 TouchGFX/build/STM32F7508-DK/Drivers/STM32F7xx_HAL_Driver/Src/stm32f7xx_hal_dma2d.o
                0x900049ba                HAL_DMA2D_CLUTLoadingCpltCallback
 .text.HAL_DMA2D_IRQHandler
                0x900049bc      0x120 TouchGFX/build/STM32F7508-DK/Drivers/STM32F7xx_HAL_Driver/Src/stm32f7xx_hal_dma2d.o
                0x900049bc                HAL_DMA2D_IRQHandler
 .text.HAL_DMA2D_ConfigLayer
                0x90004adc       0x94 TouchGFX/build/STM32F7508-DK/Drivers/STM32F7xx_HAL_Driver/Src/stm32f7xx_hal_dma2d.o
                0x90004adc                HAL_DMA2D_ConfigLayer
 .text.HAL_TIM_Base_MspInit
                0x90004b70        0x2 TouchGFX/build/STM32F7508-DK/Drivers/STM32F7xx_HAL_Driver/Src/stm32f7xx_hal_tim.o
                0x90004b70                HAL_TIM_Base_MspInit
 *fill*         0x90004b72        0x2 
 .text.HAL_TIM_Base_Start_IT
                0x90004b74       0x80 TouchGFX/build/STM32F7508-DK/Drivers/STM32F7xx_HAL_Driver/Src/stm32f7xx_hal_tim.o
                0x90004b74                HAL_TIM_Base_Start_IT
 .text.HAL_TIM_OC_DelayElapsedCallback
                0x90004bf4        0x2 TouchGFX/build/STM32F7508-DK/Drivers/STM32F7xx_HAL_Driver/Src/stm32f7xx_hal_tim.o
                0x90004bf4                HAL_TIM_OC_DelayElapsedCallback
 .text.HAL_TIM_IC_CaptureCallback
                0x90004bf6        0x2 TouchGFX/build/STM32F7508-DK/Drivers/STM32F7xx_HAL_Driver/Src/stm32f7xx_hal_tim.o
                0x90004bf6                HAL_TIM_IC_CaptureCallback
 .text.HAL_TIM_PWM_PulseFinishedCallback
                0x90004bf8        0x2 TouchGFX/build/STM32F7508-DK/Drivers/STM32F7xx_HAL_Driver/Src/stm32f7xx_hal_tim.o
                0x90004bf8                HAL_TIM_PWM_PulseFinishedCallback
 .text.HAL_TIM_TriggerCallback
                0x90004bfa        0x2 TouchGFX/build/STM32F7508-DK/Drivers/STM32F7xx_HAL_Driver/Src/stm32f7xx_hal_tim.o
                0x90004bfa                HAL_TIM_TriggerCallback
 .text.HAL_TIM_IRQHandler
                0x90004bfc      0x168 TouchGFX/build/STM32F7508-DK/Drivers/STM32F7xx_HAL_Driver/Src/stm32f7xx_hal_tim.o
                0x90004bfc                HAL_TIM_IRQHandler
 .text.TIM_Base_SetConfig
                0x90004d64       0xcc TouchGFX/build/STM32F7508-DK/Drivers/STM32F7xx_HAL_Driver/Src/stm32f7xx_hal_tim.o
                0x90004d64                TIM_Base_SetConfig
 .text.HAL_TIM_Base_Init
                0x90004e30       0x60 TouchGFX/build/STM32F7508-DK/Drivers/STM32F7xx_HAL_Driver/Src/stm32f7xx_hal_tim.o
                0x90004e30                HAL_TIM_Base_Init
 .text.HAL_CRCEx_Polynomial_Set
                0x90004e90       0x46 TouchGFX/build/STM32F7508-DK/Drivers/STM32F7xx_HAL_Driver/Src/stm32f7xx_hal_crc_ex.o
                0x90004e90                HAL_CRCEx_Polynomial_Set
 .text.MX_TouchGFX_Init
                0x90004ed6        0x4 TouchGFX/build/STM32F7508-DK/TouchGFX/App/app_touchgfx.o
                0x90004ed6                MX_TouchGFX_Init
 .text.TouchGFX_Task
                0x90004eda        0x4 TouchGFX/build/STM32F7508-DK/TouchGFX/App/app_touchgfx.o
                0x90004eda                TouchGFX_Task
 .text.vListInitialise
                0x90004ede       0x16 TouchGFX/build/STM32F7508-DK/Middlewares/Third_Party/FreeRTOS/Source/list.o
                0x90004ede                vListInitialise
 .text.vListInitialiseItem
                0x90004ef4        0x6 TouchGFX/build/STM32F7508-DK/Middlewares/Third_Party/FreeRTOS/Source/list.o
                0x90004ef4                vListInitialiseItem
 .text.vListInsertEnd
                0x90004efa       0x18 TouchGFX/build/STM32F7508-DK/Middlewares/Third_Party/FreeRTOS/Source/list.o
                0x90004efa                vListInsertEnd
 .text.vListInsert
                0x90004f12       0x2e TouchGFX/build/STM32F7508-DK/Middlewares/Third_Party/FreeRTOS/Source/list.o
                0x90004f12                vListInsert
 .text.uxListRemove
                0x90004f40       0x26 TouchGFX/build/STM32F7508-DK/Middlewares/Third_Party/FreeRTOS/Source/list.o
                0x90004f40                uxListRemove
 .text.prvIsQueueEmpty
                0x90004f66       0x16 TouchGFX/build/STM32F7508-DK/Middlewares/Third_Party/FreeRTOS/Source/queue.o
 .text.prvCopyDataToQueue
                0x90004f7c       0x66 TouchGFX/build/STM32F7508-DK/Middlewares/Third_Party/FreeRTOS/Source/queue.o
 .text.prvCopyDataFromQueue
                0x90004fe2       0x2a TouchGFX/build/STM32F7508-DK/Middlewares/Third_Party/FreeRTOS/Source/queue.o
 .text.prvUnlockQueue
                0x9000500c       0x70 TouchGFX/build/STM32F7508-DK/Middlewares/Third_Party/FreeRTOS/Source/queue.o
 .text.xQueueGenericReset
                0x9000507c       0x84 TouchGFX/build/STM32F7508-DK/Middlewares/Third_Party/FreeRTOS/Source/queue.o
                0x9000507c                xQueueGenericReset
 .text.xQueueGenericCreateStatic
                0x90005100       0xb0 TouchGFX/build/STM32F7508-DK/Middlewares/Third_Party/FreeRTOS/Source/queue.o
                0x90005100                xQueueGenericCreateStatic
 .text.xQueueGenericCreate
                0x900051b0       0x52 TouchGFX/build/STM32F7508-DK/Middlewares/Third_Party/FreeRTOS/Source/queue.o
                0x900051b0                xQueueGenericCreate
 .text.xQueueCreateCountingSemaphoreStatic
                0x90005202       0x4c TouchGFX/build/STM32F7508-DK/Middlewares/Third_Party/FreeRTOS/Source/queue.o
                0x90005202                xQueueCreateCountingSemaphoreStatic
 .text.xQueueCreateCountingSemaphore
                0x9000524e       0x44 TouchGFX/build/STM32F7508-DK/Middlewares/Third_Party/FreeRTOS/Source/queue.o
                0x9000524e                xQueueCreateCountingSemaphore
 *fill*         0x90005292        0x2 
 .text.xQueueGenericSend
                0x90005294      0x174 TouchGFX/build/STM32F7508-DK/Middlewares/Third_Party/FreeRTOS/Source/queue.o
                0x90005294                xQueueGenericSend
 .text.xQueueGenericSendFromISR
                0x90005408       0xd2 TouchGFX/build/STM32F7508-DK/Middlewares/Third_Party/FreeRTOS/Source/queue.o
                0x90005408                xQueueGenericSendFromISR
 .text.xQueueGiveFromISR
                0x900054da       0xb8 TouchGFX/build/STM32F7508-DK/Middlewares/Third_Party/FreeRTOS/Source/queue.o
                0x900054da                xQueueGiveFromISR
 *fill*         0x90005592        0x2 
 .text.xQueueReceive
                0x90005594      0x14c TouchGFX/build/STM32F7508-DK/Middlewares/Third_Party/FreeRTOS/Source/queue.o
                0x90005594                xQueueReceive
 .text.xQueueSemaphoreTake
                0x900056e0      0x194 TouchGFX/build/STM32F7508-DK/Middlewares/Third_Party/FreeRTOS/Source/queue.o
                0x900056e0                xQueueSemaphoreTake
 .text.xQueueReceiveFromISR
                0x90005874       0xaa TouchGFX/build/STM32F7508-DK/Middlewares/Third_Party/FreeRTOS/Source/queue.o
                0x90005874                xQueueReceiveFromISR
 *fill*         0x9000591e        0x2 
 .text.vQueueAddToRegistry
                0x90005920       0x24 TouchGFX/build/STM32F7508-DK/Middlewares/Third_Party/FreeRTOS/Source/queue.o
                0x90005920                vQueueAddToRegistry
 .text.vQueueUnregisterQueue
                0x90005944       0x28 TouchGFX/build/STM32F7508-DK/Middlewares/Third_Party/FreeRTOS/Source/queue.o
                0x90005944                vQueueUnregisterQueue
 .text.vQueueDelete
                0x9000596c       0x32 TouchGFX/build/STM32F7508-DK/Middlewares/Third_Party/FreeRTOS/Source/queue.o
                0x9000596c                vQueueDelete
 .text.vQueueWaitForMessageRestricted
                0x9000599e       0x46 TouchGFX/build/STM32F7508-DK/Middlewares/Third_Party/FreeRTOS/Source/queue.o
                0x9000599e                vQueueWaitForMessageRestricted
 .text.prvAddNewTaskToReadyList
                0x900059e4       0xfc TouchGFX/build/STM32F7508-DK/Middlewares/Third_Party/FreeRTOS/Source/tasks.o
 .text.prvDeleteTCB
                0x90005ae0       0x3a TouchGFX/build/STM32F7508-DK/Middlewares/Third_Party/FreeRTOS/Source/tasks.o
 *fill*         0x90005b1a        0x2 
 .text.prvIdleTask
                0x90005b1c       0x68 TouchGFX/build/STM32F7508-DK/Middlewares/Third_Party/FreeRTOS/Source/tasks.o
 .text.prvResetNextTaskUnblockTime
                0x90005b84       0x24 TouchGFX/build/STM32F7508-DK/Middlewares/Third_Party/FreeRTOS/Source/tasks.o
 .text.prvInitialiseNewTask.isra.2
                0x90005ba8       0x9a TouchGFX/build/STM32F7508-DK/Middlewares/Third_Party/FreeRTOS/Source/tasks.o
 *fill*         0x90005c42        0x2 
 .text.prvAddCurrentTaskToDelayedList
                0x90005c44       0x74 TouchGFX/build/STM32F7508-DK/Middlewares/Third_Party/FreeRTOS/Source/tasks.o
 .text.xTaskCreateStatic
                0x90005cb8       0x7c TouchGFX/build/STM32F7508-DK/Middlewares/Third_Party/FreeRTOS/Source/tasks.o
                0x90005cb8                xTaskCreateStatic
 .text.xTaskCreate
                0x90005d34       0x5a TouchGFX/build/STM32F7508-DK/Middlewares/Third_Party/FreeRTOS/Source/tasks.o
                0x90005d34                xTaskCreate
 *fill*         0x90005d8e        0x2 